#
# A fatal error has been detected by the Java Runtime Environment:
#
#  EXCEPTION_ACCESS_VIOLATION (0xc0000005) at pc=0x00007ff9b3a16b3f, pid=5712, tid=12500
#
# JRE version: Java(TM) SE Runtime Environment 18.9 (11.0.18+9) (build 11.0.18+9-LTS-195)
# Java VM: Java HotSpot(TM) 64-Bit Server VM 18.9 (11.0.18+9-LTS-195, mixed mode, tiered, compressed oops, g1 gc, windows-amd64)
# Problematic frame:
# V  [jvm.dll+0x256b3f]
#
# No core dump will be written. Minidumps are not enabled by default on client versions of Windows
#
# If you would like to submit a bug report, please visit:
#   https://bugreport.java.com/bugreport/crash.jsp
#

---------------  S U M M A R Y ------------

Command Line: -agentlib:jdwp=transport=dt_socket,suspend=y,address=localhost:61036 -javaagent:C:\Users\dac.STUDENTSDC\eclipse\committers-2023-12\eclipse\configuration\org.eclipse.osgi\259\0\.cp\lib\javaagent-shaded.jar -Dfile.encoding=UTF-8 -Dstdout.encoding=UTF-8 -Dstderr.encoding=UTF-8 com.cdac.acts.account.tester.AccountTester

Host: Intel(R) Core(TM) i7-8700 CPU @ 3.20GHz, 12 cores, 15G,  Windows 10 , 64 bit Build 19041 (10.0.19041.4842)
Time: Tue Oct  1 21:39:10 2024 India Standard Time elapsed time: 1890.557808 seconds (0d 0h 31m 30s)

---------------  T H R E A D  ---------------

Current thread (0x000001e91b1df000):  VMThread "VM Thread" [stack: 0x0000004057e00000,0x0000004057f00000] [id=12500]

Stack: [0x0000004057e00000,0x0000004057f00000],  sp=0x0000004057eff040,  free space=1020k
Native frames: (J=compiled Java code, j=interpreted, Vv=VM code, C=native code)
V  [jvm.dll+0x256b3f]
V  [jvm.dll+0x5218ec]
V  [jvm.dll+0x1dda7b]
V  [jvm.dll+0x52433c]
V  [jvm.dll+0x521c5b]
V  [jvm.dll+0x7a822c]
V  [jvm.dll+0x7a64b5]
V  [jvm.dll+0x7a6cf2]
V  [jvm.dll+0x7a7007]
V  [jvm.dll+0x75c924]
V  [jvm.dll+0x65c755]
C  [ucrtbase.dll+0x21bb2]
C  [KERNEL32.DLL+0x17374]
C  [ntdll.dll+0x4cc91]


siginfo: EXCEPTION_ACCESS_VIOLATION (0xc0000005), reading address 0xffffffffffffffff


Register to memory mapping:

RIP=0x00007ff9b3a16b3f jvm.dll
RAX=0x0000000000000405 is an unknown value
RBX=0x000001e91cad9a58 is pointing into metadata
RCX=0x000001e91cae0b18 is pointing into metadata
RDX=0x00000008000dbe60 is a pointer to class: 
com.cdac.acts.account.tester.AccountTester {0x00000008000dbe68}
 - instance size:     2
 - klass size:        65
 - access:            public synchronized 
 - state:             allocated
 - name:              'com/cdac/acts/account/tester/AccountTester'
 - super:             'java/lang/Object'
 - sub:               
 - arrays:            NULL
 - methods:           Array<T>(0x000001e91cad9648)
 - method ordering:   Array<T>(0x000001e91cad9978)
 - default_methods:   Array<T>(0x0000000000000000)
 - local interfaces:  Array<T>(0x000001e91b2000a0)
 - trans. interfaces: Array<T>(0x000001e91b2000a0)
 - constants:         constant pool [135]/operands[5] {0x000001e91cad9150} for 'com/cdac/acts/account/tester/AccountTester' (extra) cache=0x000001e91cad9990
 - class loader data:  loader data: 0x000001e91bbe84d0 for instance a 'jdk/internal/loader/ClassLoaders$AppClassLoader'{0x0000000712956750}
 - host class:        NULL
 - source file:       'AccountTester.java'
 - source debug extension:       SMAP
AccountTester.java
Java
*S jdt
*F
1 AccountTester.java
2 file:/E:/Day10/AccountDay8/bin/
*L
*E

 - class annotations:       Array<T>(0x0000000000000000)
 - class type annotations:  Array<T>(0x0000000000000000)
 - field annotations:       Array<T>(0x0000000000000000)
 - field type annotations:  Array<T>(0x0000000000000000)
 - inner classes:     Array<T>(0x000001e91cad9960)
 - nest members:     Array<T>(0x000001e91b200070)
 - java mirror:       a 'java/lang/Class'{0x00000007128fd7b8} = 'com/cdac/acts/account/tester/AccountTester'
 - vtable length      5  (start addr: 0x00000008000dc030)
 - itable length      2 (start addr: 0x00000008000dc058)
 - ---- static fields (0 words):
 - ---- non-static fields (0 words):
 - non-static oop maps: 
RSP=0x0000004057eff040 points into unknown readable memory: 0x0000004057eff0f0 | f0 f0 ef 57 40 00 00 00
RBP=0x0000000000000005 is an unknown value
RSI=0x00000008000dad78 is a pointer to class: 
com.cdac.acts.account.tester.AccountTester {0x00000008000dad80}
 - instance size:     2
 - klass size:        65
 - access:            public synchronized 
 - state:             fully_initialized
 - name:              'com/cdac/acts/account/tester/AccountTester'
 - super:             'java/lang/Object'
 - sub:               
 - arrays:            NULL
 - methods:           Array<T>(0x000001e91cc26ef0)
 - method ordering:   Array<T>(0x000001e91cc27680)
 - default_methods:   Array<T>(0x0000000000000000)
 - local interfaces:  Array<T>(0x000001e91b2000a0)
 - trans. interfaces: Array<T>(0x000001e91b2000a0)
 - constants:         constant pool [216]/operands[40] {0x000001e91cc28790} for 'com/cdac/acts/account/tester/AccountTester' cache=0x000001e91cc28f80
 - class loader data:  loader data: 0x000001e91bbe84d0 for instance a 'jdk/internal/loader/ClassLoaders$AppClassLoader'{0x0000000712956750}
 - host class:        NULL
 - source file:       'AccountTester.java'
 - source debug extension:       SMAP
AccountTester.java
Java
*S jdt
*F
1 AccountTester.java
2 file:/E:/Day10/AccountDay8/bin/
*L
*E

 - class annotations:       Array<T>(0x0000000000000000)
 - class type annotations:  Array<T>(0x0000000000000000)
 - field annotations:       Array<T>(0x0000000000000000)
 - field type annotations:  Array<T>(0x0000000000000000)
 - previous version:  constant pool [216]/operands[40] {0x000001e91cc25a80} for 'com/cdac/acts/account/tester/AccountTester' (extra) cache=0x000001e91cc26270constant pool [135]/operands[5] {0x000001e91cad9150} for 'com/cdac/acts/account/tester/AccountTester' (extra) cache=0x000001e91cad9990
 - inner classes:     Array<T>(0x000001e91cc27668)
 - nest members:     Array<T>(0x000001e91b200070)
 - java mirror:       a 'java/lang/Class'{0x00000007124a5cc0} = 'com/cdac/acts/account/tester/AccountTester'
 - vtable length      5  (start addr: 0x00000008000daf48)
 - itable length      2 (start addr: 0x00000008000daf70)
 - ---- static fields (0 words):
 - ---- non-static fields (0 words):
 - non-static oop maps: 
RDI=0xa70001e91cae8b28 is an unknown value
R8 =0x0000004057eff158 points into unknown readable memory: 0x00000007121b2600 | 00 26 1b 12 07 00 00 00
R9 =0x0000000000000002 is an unknown value
R10=0x000001e91b1dc130 points into unknown readable memory: 0x0000001e00000001 | 01 00 00 00 1e 00 00 00
R11=0x000001e91cc25a78 is pointing into metadata
R12=0x0 is NULL
R13=0x000001e91cad9990 is pointing into metadata
R14=0x00000008000dbe60 is a pointer to class: 
com.cdac.acts.account.tester.AccountTester {0x00000008000dbe68}
 - instance size:     2
 - klass size:        65
 - access:            public synchronized 
 - state:             allocated
 - name:              'com/cdac/acts/account/tester/AccountTester'
 - super:             'java/lang/Object'
 - sub:               
 - arrays:            NULL
 - methods:           Array<T>(0x000001e91cad9648)
 - method ordering:   Array<T>(0x000001e91cad9978)
 - default_methods:   Array<T>(0x0000000000000000)
 - local interfaces:  Array<T>(0x000001e91b2000a0)
 - trans. interfaces: Array<T>(0x000001e91b2000a0)
 - constants:         constant pool [135]/operands[5] {0x000001e91cad9150} for 'com/cdac/acts/account/tester/AccountTester' (extra) cache=0x000001e91cad9990
 - class loader data:  loader data: 0x000001e91bbe84d0 for instance a 'jdk/internal/loader/ClassLoaders$AppClassLoader'{0x0000000712956750}
 - host class:        NULL
 - source file:       'AccountTester.java'
 - source debug extension:       SMAP
AccountTester.java
Java
*S jdt
*F
1 AccountTester.java
2 file:/E:/Day10/AccountDay8/bin/
*L
*E

 - class annotations:       Array<T>(0x0000000000000000)
 - class type annotations:  Array<T>(0x0000000000000000)
 - field annotations:       Array<T>(0x0000000000000000)
 - field type annotations:  Array<T>(0x0000000000000000)
 - inner classes:     Array<T>(0x000001e91cad9960)
 - nest members:     Array<T>(0x000001e91b200070)
 - java mirror:       a 'java/lang/Class'{0x00000007128fd7b8} = 'com/cdac/acts/account/tester/AccountTester'
 - vtable length      5  (start addr: 0x00000008000dc030)
 - itable length      2 (start addr: 0x00000008000dc058)
 - ---- static fields (0 words):
 - ---- non-static fields (0 words):
 - non-static oop maps: 
R15=0x0000004057eff158 points into unknown readable memory: 0x00000007121b2600 | 00 26 1b 12 07 00 00 00


Registers:
RAX=0x0000000000000405, RBX=0x000001e91cad9a58, RCX=0x000001e91cae0b18, RDX=0x00000008000dbe60
RSP=0x0000004057eff040, RBP=0x0000000000000005, RSI=0x00000008000dad78, RDI=0xa70001e91cae8b28
R8 =0x0000004057eff158, R9 =0x0000000000000002, R10=0x000001e91b1dc130, R11=0x000001e91cc25a78
R12=0x0000000000000000, R13=0x000001e91cad9990, R14=0x00000008000dbe60, R15=0x0000004057eff158
RIP=0x00007ff9b3a16b3f, EFLAGS=0x0000000000010286

Top of Stack: (sp=0x0000004057eff040)
0x0000004057eff040:   0000004057eff0f0 00007ffa1567fde6
0x0000004057eff050:   00000008000dad78 00007ff9b3b0bc62
0x0000004057eff060:   0000004057eff1c0 000001e91b1df000
0x0000004057eff070:   000001e91b1df000 000001e91bc5cb98
0x0000004057eff080:   0000004057eff0e9 00007ff9b3ce18ec
0x0000004057eff090:   00000008000dbe60 00000008000dad78
0x0000004057eff0a0:   0000004057eff1c0 00000008000dad78
0x0000004057eff0b0:   000001e91cc25a78 000001e91b1df000
0x0000004057eff0c0:   0000000000000001 000001e91cc25a78
0x0000004057eff0d0:   000001e91b1df000 000001e91b1df000
0x0000004057eff0e0:   000001e91ba81030 000001e91c3713f0
0x0000004057eff0f0:   000001e91c371758 000001e91c3793d8
0x0000004057eff100:   00000000000080b0 0000004057eff1d0
0x0000004057eff110:   000001e91b1df000 000001e91b1df000
0x0000004057eff120:   000001e91bc5cb98 00000040589ff990
0x0000004057eff130:   000001e91bbe84d0 00000008000def20 

Instructions: (pc=0x00007ff9b3a16b3f)
0x00007ff9b3a16b1f:   00 48 8b 0b 48 8b 01 ff 50 10 84 c0 75 06 48 8b
0x00007ff9b3a16b2f:   7b 08 eb 03 48 8b 3b 48 85 ff 0f 84 d1 00 00 00
0x00007ff9b3a16b3f:   48 8b 07 48 8b cf ff 50 10 84 c0 0f 84 c0 00 00
0x00007ff9b3a16b4f:   00 4d 85 f6 74 12 48 8b 47 08 48 8b 48 08 4c 39 


Stack slot to memory mapping:
stack at sp + 0 slots: 0x0000004057eff0f0 points into unknown readable memory: 0x000001e91c371758 | 58 17 37 1c e9 01 00 00
stack at sp + 1 slots: 0x00007ffa1567fde6 ucrtbase.dll
stack at sp + 2 slots: 0x00000008000dad78 is a pointer to class: 
com.cdac.acts.account.tester.AccountTester {0x00000008000dad80}
 - instance size:     2
 - klass size:        65
 - access:            public synchronized 
 - state:             fully_initialized
 - name:              'com/cdac/acts/account/tester/AccountTester'
 - super:             'java/lang/Object'
 - sub:               
 - arrays:            NULL
 - methods:           Array<T>(0x000001e91cc26ef0)
 - method ordering:   Array<T>(0x000001e91cc27680)
 - default_methods:   Array<T>(0x0000000000000000)
 - local interfaces:  Array<T>(0x000001e91b2000a0)
 - trans. interfaces: Array<T>(0x000001e91b2000a0)
 - constants:         constant pool [216]/operands[40] {0x000001e91cc28790} for 'com/cdac/acts/account/tester/AccountTester' cache=0x000001e91cc28f80
 - class loader data:  loader data: 0x000001e91bbe84d0 for instance a 'jdk/internal/loader/ClassLoaders$AppClassLoader'{0x0000000712956750}
 - host class:        NULL
 - source file:       'AccountTester.java'
 - source debug extension:       SMAP
AccountTester.java
Java
*S jdt
*F
1 AccountTester.java
2 file:/E:/Day10/AccountDay8/bin/
*L
*E

 - class annotations:       Array<T>(0x0000000000000000)
 - class type annotations:  Array<T>(0x0000000000000000)
 - field annotations:       Array<T>(0x0000000000000000)
 - field type annotations:  Array<T>(0x0000000000000000)
 - previous version:  constant pool [216]/operands[40] {0x000001e91cc25a80} for 'com/cdac/acts/account/tester/AccountTester' (extra) cache=0x000001e91cc26270constant pool [135]/operands[5] {0x000001e91cad9150} for 'com/cdac/acts/account/tester/AccountTester' (extra) cache=0x000001e91cad9990
 - inner classes:     Array<T>(0x000001e91cc27668)
 - nest members:     Array<T>(0x000001e91b200070)
 - java mirror:       a 'java/lang/Class'{0x00000007124a5cc0} = 'com/cdac/acts/account/tester/AccountTester'
 - vtable length      5  (start addr: 0x00000008000daf48)
 - itable length      2 (start addr: 0x00000008000daf70)
 - ---- static fields (0 words):
 - ---- non-static fields (0 words):
 - non-static oop maps: 
stack at sp + 3 slots: 0x00007ff9b3b0bc62 jvm.dll
stack at sp + 4 slots: 0x0000004057eff1c0 points into unknown readable memory: 0x00007ff9b40946d0 | d0 46 09 b4 f9 7f 00 00
stack at sp + 5 slots: 0x000001e91b1df000 points into unknown readable memory: 0x00007ff9b40e0778 | 78 07 0e b4 f9 7f 00 00
stack at sp + 6 slots: 0x000001e91b1df000 points into unknown readable memory: 0x00007ff9b40e0778 | 78 07 0e b4 f9 7f 00 00
stack at sp + 7 slots: 0x000001e91bc5cb98 points into unknown readable memory: 0x1026abc15c34423e | 3e 42 34 5c c1 ab 26 10

VM_Operation (0x00000040589ff910): RedefineClasses, mode: safepoint, requested by thread 0x000001e91bdf4000, redefining class com.cdac.acts.account.tester.AccountTester



---------------  P R O C E S S  ---------------

Threads class SMR info:
_java_thread_list=0x000001e91c05a4d0, length=13, elements={
0x000001e9761d4800, 0x000001e91b1e1000, 0x000001e91b1ea000, 0x000001e91bae4800,
0x000001e91bae6000, 0x000001e91bae7000, 0x000001e91bafa000, 0x000001e91baff000,
0x000001e91bb05000, 0x000001e91b19d000, 0x000001e91bdf4000, 0x000001e91bf1d800,
0x000001e91bdd3800
}

Java Threads: ( => current thread )
  0x000001e9761d4800 JavaThread "main" [_thread_in_native, id=3916, stack(0x0000004057800000,0x0000004057900000)]
  0x000001e91b1e1000 JavaThread "Reference Handler" daemon [_thread_blocked, id=12404, stack(0x0000004057f00000,0x0000004058000000)]
  0x000001e91b1ea000 JavaThread "Finalizer" daemon [_thread_blocked, id=7804, stack(0x0000004058000000,0x0000004058100000)]
  0x000001e91bae4800 JavaThread "Signal Dispatcher" daemon [_thread_blocked, id=12248, stack(0x0000004058100000,0x0000004058200000)]
  0x000001e91bae6000 JavaThread "Attach Listener" daemon [_thread_blocked, id=5200, stack(0x0000004058200000,0x0000004058300000)]
  0x000001e91bae7000 JavaThread "Service Thread" daemon [_thread_blocked, id=3456, stack(0x0000004058300000,0x0000004058400000)]
  0x000001e91bafa000 JavaThread "C2 CompilerThread0" daemon [_thread_blocked, id=14884, stack(0x0000004058400000,0x0000004058500000)]
  0x000001e91baff000 JavaThread "C1 CompilerThread0" daemon [_thread_blocked, id=272, stack(0x0000004058500000,0x0000004058600000)]
  0x000001e91bb05000 JavaThread "Sweeper thread" daemon [_thread_blocked, id=3452, stack(0x0000004058600000,0x0000004058700000)]
  0x000001e91b19d000 JavaThread "Common-Cleaner" daemon [_thread_blocked, id=2740, stack(0x0000004058700000,0x0000004058800000)]
  0x000001e91bdf4000 JavaThread "JDWP Transport Listener: dt_socket" daemon [_thread_blocked, id=10248, stack(0x0000004058900000,0x0000004058a00000)]
  0x000001e91bf1d800 JavaThread "JDWP Event Helper Thread" daemon [_thread_blocked, id=1492, stack(0x0000004058a00000,0x0000004058b00000)]
  0x000001e91bdd3800 JavaThread "JDWP Command Reader" daemon [_thread_in_native, id=12676, stack(0x0000004058b00000,0x0000004058c00000)]

Other Threads:
=>0x000001e91b1df000 VMThread "VM Thread" [stack: 0x0000004057e00000,0x0000004057f00000] [id=12500]
  0x000001e91c1ab000 WatcherThread [stack: 0x0000004058c00000,0x0000004058d00000] [id=11112]
  0x000001e9761e8800 GCTaskThread "GC Thread#0" [stack: 0x0000004057900000,0x0000004057a00000] [id=7888]
  0x000001e976245800 ConcurrentGCThread "G1 Main Marker" [stack: 0x0000004057a00000,0x0000004057b00000] [id=13520]
  0x000001e976249800 ConcurrentGCThread "G1 Conc#0" [stack: 0x0000004057b00000,0x0000004057c00000] [id=4600]
  0x000001e91b0c2800 ConcurrentGCThread "G1 Refine#0" [stack: 0x0000004057c00000,0x0000004057d00000] [id=10628]
  0x000001e91b0c3800 ConcurrentGCThread "G1 Young RemSet Sampling" [stack: 0x0000004057d00000,0x0000004057e00000] [id=2500]

Threads with active compile tasks:

VM state:at safepoint (normal execution)

VM Mutex/Monitor currently owned by a thread:  ([mutex/lock_event])
[0x000001e9761d0e70] Threads_lock - owner thread: 0x000001e91b1df000

Heap address: 0x0000000702c00000, size: 4052 MB, Compressed Oops mode: Zero based, Oop shift amount: 3
Narrow klass base: 0x0000000800000000, Narrow klass shift: 0
Compressed class space size: 1073741824 Address: 0x0000000800000000

Heap:
 garbage-first heap   total 260096K, used 9216K [0x0000000702c00000, 0x0000000800000000)
  region size 1024K, 11 young (11264K), 0 survivors (0K)
 Metaspace       used 10936K, capacity 11183K, committed 11392K, reserved 1058816K
  class space    used 1003K, capacity 1095K, committed 1152K, reserved 1048576K
Heap Regions: E=young(eden), S=young(survivor), O=old, HS=humongous(starts), HC=humongous(continues), CS=collection set, F=free, A=archive, TAMS=top-at-mark-start (previous, next)
|   0|0x0000000702c00000, 0x0000000702c00000, 0x0000000702d00000|  0%| F|  |TAMS 0x0000000702c00000, 0x0000000702c00000| Untracked 
|   1|0x0000000702d00000, 0x0000000702d00000, 0x0000000702e00000|  0%| F|  |TAMS 0x0000000702d00000, 0x0000000702d00000| Untracked 
|   2|0x0000000702e00000, 0x0000000702e00000, 0x0000000702f00000|  0%| F|  |TAMS 0x0000000702e00000, 0x0000000702e00000| Untracked 
|   3|0x0000000702f00000, 0x0000000702f00000, 0x0000000703000000|  0%| F|  |TAMS 0x0000000702f00000, 0x0000000702f00000| Untracked 
|   4|0x0000000703000000, 0x0000000703000000, 0x0000000703100000|  0%| F|  |TAMS 0x0000000703000000, 0x0000000703000000| Untracked 
|   5|0x0000000703100000, 0x0000000703100000, 0x0000000703200000|  0%| F|  |TAMS 0x0000000703100000, 0x0000000703100000| Untracked 
|   6|0x0000000703200000, 0x0000000703200000, 0x0000000703300000|  0%| F|  |TAMS 0x0000000703200000, 0x0000000703200000| Untracked 
|   7|0x0000000703300000, 0x0000000703300000, 0x0000000703400000|  0%| F|  |TAMS 0x0000000703300000, 0x0000000703300000| Untracked 
|   8|0x0000000703400000, 0x0000000703400000, 0x0000000703500000|  0%| F|  |TAMS 0x0000000703400000, 0x0000000703400000| Untracked 
|   9|0x0000000703500000, 0x0000000703500000, 0x0000000703600000|  0%| F|  |TAMS 0x0000000703500000, 0x0000000703500000| Untracked 
|  10|0x0000000703600000, 0x0000000703600000, 0x0000000703700000|  0%| F|  |TAMS 0x0000000703600000, 0x0000000703600000| Untracked 
|  11|0x0000000703700000, 0x0000000703700000, 0x0000000703800000|  0%| F|  |TAMS 0x0000000703700000, 0x0000000703700000| Untracked 
|  12|0x0000000703800000, 0x0000000703800000, 0x0000000703900000|  0%| F|  |TAMS 0x0000000703800000, 0x0000000703800000| Untracked 
|  13|0x0000000703900000, 0x0000000703900000, 0x0000000703a00000|  0%| F|  |TAMS 0x0000000703900000, 0x0000000703900000| Untracked 
|  14|0x0000000703a00000, 0x0000000703a00000, 0x0000000703b00000|  0%| F|  |TAMS 0x0000000703a00000, 0x0000000703a00000| Untracked 
|  15|0x0000000703b00000, 0x0000000703b00000, 0x0000000703c00000|  0%| F|  |TAMS 0x0000000703b00000, 0x0000000703b00000| Untracked 
|  16|0x0000000703c00000, 0x0000000703c00000, 0x0000000703d00000|  0%| F|  |TAMS 0x0000000703c00000, 0x0000000703c00000| Untracked 
|  17|0x0000000703d00000, 0x0000000703d00000, 0x0000000703e00000|  0%| F|  |TAMS 0x0000000703d00000, 0x0000000703d00000| Untracked 
|  18|0x0000000703e00000, 0x0000000703e00000, 0x0000000703f00000|  0%| F|  |TAMS 0x0000000703e00000, 0x0000000703e00000| Untracked 
|  19|0x0000000703f00000, 0x0000000703f00000, 0x0000000704000000|  0%| F|  |TAMS 0x0000000703f00000, 0x0000000703f00000| Untracked 
|  20|0x0000000704000000, 0x0000000704000000, 0x0000000704100000|  0%| F|  |TAMS 0x0000000704000000, 0x0000000704000000| Untracked 
|  21|0x0000000704100000, 0x0000000704100000, 0x0000000704200000|  0%| F|  |TAMS 0x0000000704100000, 0x0000000704100000| Untracked 
|  22|0x0000000704200000, 0x0000000704200000, 0x0000000704300000|  0%| F|  |TAMS 0x0000000704200000, 0x0000000704200000| Untracked 
|  23|0x0000000704300000, 0x0000000704300000, 0x0000000704400000|  0%| F|  |TAMS 0x0000000704300000, 0x0000000704300000| Untracked 
|  24|0x0000000704400000, 0x0000000704400000, 0x0000000704500000|  0%| F|  |TAMS 0x0000000704400000, 0x0000000704400000| Untracked 
|  25|0x0000000704500000, 0x0000000704500000, 0x0000000704600000|  0%| F|  |TAMS 0x0000000704500000, 0x0000000704500000| Untracked 
|  26|0x0000000704600000, 0x0000000704600000, 0x0000000704700000|  0%| F|  |TAMS 0x0000000704600000, 0x0000000704600000| Untracked 
|  27|0x0000000704700000, 0x0000000704700000, 0x0000000704800000|  0%| F|  |TAMS 0x0000000704700000, 0x0000000704700000| Untracked 
|  28|0x0000000704800000, 0x0000000704800000, 0x0000000704900000|  0%| F|  |TAMS 0x0000000704800000, 0x0000000704800000| Untracked 
|  29|0x0000000704900000, 0x0000000704900000, 0x0000000704a00000|  0%| F|  |TAMS 0x0000000704900000, 0x0000000704900000| Untracked 
|  30|0x0000000704a00000, 0x0000000704a00000, 0x0000000704b00000|  0%| F|  |TAMS 0x0000000704a00000, 0x0000000704a00000| Untracked 
|  31|0x0000000704b00000, 0x0000000704b00000, 0x0000000704c00000|  0%| F|  |TAMS 0x0000000704b00000, 0x0000000704b00000| Untracked 
|  32|0x0000000704c00000, 0x0000000704c00000, 0x0000000704d00000|  0%| F|  |TAMS 0x0000000704c00000, 0x0000000704c00000| Untracked 
|  33|0x0000000704d00000, 0x0000000704d00000, 0x0000000704e00000|  0%| F|  |TAMS 0x0000000704d00000, 0x0000000704d00000| Untracked 
|  34|0x0000000704e00000, 0x0000000704e00000, 0x0000000704f00000|  0%| F|  |TAMS 0x0000000704e00000, 0x0000000704e00000| Untracked 
|  35|0x0000000704f00000, 0x0000000704f00000, 0x0000000705000000|  0%| F|  |TAMS 0x0000000704f00000, 0x0000000704f00000| Untracked 
|  36|0x0000000705000000, 0x0000000705000000, 0x0000000705100000|  0%| F|  |TAMS 0x0000000705000000, 0x0000000705000000| Untracked 
|  37|0x0000000705100000, 0x0000000705100000, 0x0000000705200000|  0%| F|  |TAMS 0x0000000705100000, 0x0000000705100000| Untracked 
|  38|0x0000000705200000, 0x0000000705200000, 0x0000000705300000|  0%| F|  |TAMS 0x0000000705200000, 0x0000000705200000| Untracked 
|  39|0x0000000705300000, 0x0000000705300000, 0x0000000705400000|  0%| F|  |TAMS 0x0000000705300000, 0x0000000705300000| Untracked 
|  40|0x0000000705400000, 0x0000000705400000, 0x0000000705500000|  0%| F|  |TAMS 0x0000000705400000, 0x0000000705400000| Untracked 
|  41|0x0000000705500000, 0x0000000705500000, 0x0000000705600000|  0%| F|  |TAMS 0x0000000705500000, 0x0000000705500000| Untracked 
|  42|0x0000000705600000, 0x0000000705600000, 0x0000000705700000|  0%| F|  |TAMS 0x0000000705600000, 0x0000000705600000| Untracked 
|  43|0x0000000705700000, 0x0000000705700000, 0x0000000705800000|  0%| F|  |TAMS 0x0000000705700000, 0x0000000705700000| Untracked 
|  44|0x0000000705800000, 0x0000000705800000, 0x0000000705900000|  0%| F|  |TAMS 0x0000000705800000, 0x0000000705800000| Untracked 
|  45|0x0000000705900000, 0x0000000705900000, 0x0000000705a00000|  0%| F|  |TAMS 0x0000000705900000, 0x0000000705900000| Untracked 
|  46|0x0000000705a00000, 0x0000000705a00000, 0x0000000705b00000|  0%| F|  |TAMS 0x0000000705a00000, 0x0000000705a00000| Untracked 
|  47|0x0000000705b00000, 0x0000000705b00000, 0x0000000705c00000|  0%| F|  |TAMS 0x0000000705b00000, 0x0000000705b00000| Untracked 
|  48|0x0000000705c00000, 0x0000000705c00000, 0x0000000705d00000|  0%| F|  |TAMS 0x0000000705c00000, 0x0000000705c00000| Untracked 
|  49|0x0000000705d00000, 0x0000000705d00000, 0x0000000705e00000|  0%| F|  |TAMS 0x0000000705d00000, 0x0000000705d00000| Untracked 
|  50|0x0000000705e00000, 0x0000000705e00000, 0x0000000705f00000|  0%| F|  |TAMS 0x0000000705e00000, 0x0000000705e00000| Untracked 
|  51|0x0000000705f00000, 0x0000000705f00000, 0x0000000706000000|  0%| F|  |TAMS 0x0000000705f00000, 0x0000000705f00000| Untracked 
|  52|0x0000000706000000, 0x0000000706000000, 0x0000000706100000|  0%| F|  |TAMS 0x0000000706000000, 0x0000000706000000| Untracked 
|  53|0x0000000706100000, 0x0000000706100000, 0x0000000706200000|  0%| F|  |TAMS 0x0000000706100000, 0x0000000706100000| Untracked 
|  54|0x0000000706200000, 0x0000000706200000, 0x0000000706300000|  0%| F|  |TAMS 0x0000000706200000, 0x0000000706200000| Untracked 
|  55|0x0000000706300000, 0x0000000706300000, 0x0000000706400000|  0%| F|  |TAMS 0x0000000706300000, 0x0000000706300000| Untracked 
|  56|0x0000000706400000, 0x0000000706400000, 0x0000000706500000|  0%| F|  |TAMS 0x0000000706400000, 0x0000000706400000| Untracked 
|  57|0x0000000706500000, 0x0000000706500000, 0x0000000706600000|  0%| F|  |TAMS 0x0000000706500000, 0x0000000706500000| Untracked 
|  58|0x0000000706600000, 0x0000000706600000, 0x0000000706700000|  0%| F|  |TAMS 0x0000000706600000, 0x0000000706600000| Untracked 
|  59|0x0000000706700000, 0x0000000706700000, 0x0000000706800000|  0%| F|  |TAMS 0x0000000706700000, 0x0000000706700000| Untracked 
|  60|0x0000000706800000, 0x0000000706800000, 0x0000000706900000|  0%| F|  |TAMS 0x0000000706800000, 0x0000000706800000| Untracked 
|  61|0x0000000706900000, 0x0000000706900000, 0x0000000706a00000|  0%| F|  |TAMS 0x0000000706900000, 0x0000000706900000| Untracked 
|  62|0x0000000706a00000, 0x0000000706a00000, 0x0000000706b00000|  0%| F|  |TAMS 0x0000000706a00000, 0x0000000706a00000| Untracked 
|  63|0x0000000706b00000, 0x0000000706b00000, 0x0000000706c00000|  0%| F|  |TAMS 0x0000000706b00000, 0x0000000706b00000| Untracked 
|  64|0x0000000706c00000, 0x0000000706c00000, 0x0000000706d00000|  0%| F|  |TAMS 0x0000000706c00000, 0x0000000706c00000| Untracked 
|  65|0x0000000706d00000, 0x0000000706d00000, 0x0000000706e00000|  0%| F|  |TAMS 0x0000000706d00000, 0x0000000706d00000| Untracked 
|  66|0x0000000706e00000, 0x0000000706e00000, 0x0000000706f00000|  0%| F|  |TAMS 0x0000000706e00000, 0x0000000706e00000| Untracked 
|  67|0x0000000706f00000, 0x0000000706f00000, 0x0000000707000000|  0%| F|  |TAMS 0x0000000706f00000, 0x0000000706f00000| Untracked 
|  68|0x0000000707000000, 0x0000000707000000, 0x0000000707100000|  0%| F|  |TAMS 0x0000000707000000, 0x0000000707000000| Untracked 
|  69|0x0000000707100000, 0x0000000707100000, 0x0000000707200000|  0%| F|  |TAMS 0x0000000707100000, 0x0000000707100000| Untracked 
|  70|0x0000000707200000, 0x0000000707200000, 0x0000000707300000|  0%| F|  |TAMS 0x0000000707200000, 0x0000000707200000| Untracked 
|  71|0x0000000707300000, 0x0000000707300000, 0x0000000707400000|  0%| F|  |TAMS 0x0000000707300000, 0x0000000707300000| Untracked 
|  72|0x0000000707400000, 0x0000000707400000, 0x0000000707500000|  0%| F|  |TAMS 0x0000000707400000, 0x0000000707400000| Untracked 
|  73|0x0000000707500000, 0x0000000707500000, 0x0000000707600000|  0%| F|  |TAMS 0x0000000707500000, 0x0000000707500000| Untracked 
|  74|0x0000000707600000, 0x0000000707600000, 0x0000000707700000|  0%| F|  |TAMS 0x0000000707600000, 0x0000000707600000| Untracked 
|  75|0x0000000707700000, 0x0000000707700000, 0x0000000707800000|  0%| F|  |TAMS 0x0000000707700000, 0x0000000707700000| Untracked 
|  76|0x0000000707800000, 0x0000000707800000, 0x0000000707900000|  0%| F|  |TAMS 0x0000000707800000, 0x0000000707800000| Untracked 
|  77|0x0000000707900000, 0x0000000707900000, 0x0000000707a00000|  0%| F|  |TAMS 0x0000000707900000, 0x0000000707900000| Untracked 
|  78|0x0000000707a00000, 0x0000000707a00000, 0x0000000707b00000|  0%| F|  |TAMS 0x0000000707a00000, 0x0000000707a00000| Untracked 
|  79|0x0000000707b00000, 0x0000000707b00000, 0x0000000707c00000|  0%| F|  |TAMS 0x0000000707b00000, 0x0000000707b00000| Untracked 
|  80|0x0000000707c00000, 0x0000000707c00000, 0x0000000707d00000|  0%| F|  |TAMS 0x0000000707c00000, 0x0000000707c00000| Untracked 
|  81|0x0000000707d00000, 0x0000000707d00000, 0x0000000707e00000|  0%| F|  |TAMS 0x0000000707d00000, 0x0000000707d00000| Untracked 
|  82|0x0000000707e00000, 0x0000000707e00000, 0x0000000707f00000|  0%| F|  |TAMS 0x0000000707e00000, 0x0000000707e00000| Untracked 
|  83|0x0000000707f00000, 0x0000000707f00000, 0x0000000708000000|  0%| F|  |TAMS 0x0000000707f00000, 0x0000000707f00000| Untracked 
|  84|0x0000000708000000, 0x0000000708000000, 0x0000000708100000|  0%| F|  |TAMS 0x0000000708000000, 0x0000000708000000| Untracked 
|  85|0x0000000708100000, 0x0000000708100000, 0x0000000708200000|  0%| F|  |TAMS 0x0000000708100000, 0x0000000708100000| Untracked 
|  86|0x0000000708200000, 0x0000000708200000, 0x0000000708300000|  0%| F|  |TAMS 0x0000000708200000, 0x0000000708200000| Untracked 
|  87|0x0000000708300000, 0x0000000708300000, 0x0000000708400000|  0%| F|  |TAMS 0x0000000708300000, 0x0000000708300000| Untracked 
|  88|0x0000000708400000, 0x0000000708400000, 0x0000000708500000|  0%| F|  |TAMS 0x0000000708400000, 0x0000000708400000| Untracked 
|  89|0x0000000708500000, 0x0000000708500000, 0x0000000708600000|  0%| F|  |TAMS 0x0000000708500000, 0x0000000708500000| Untracked 
|  90|0x0000000708600000, 0x0000000708600000, 0x0000000708700000|  0%| F|  |TAMS 0x0000000708600000, 0x0000000708600000| Untracked 
|  91|0x0000000708700000, 0x0000000708700000, 0x0000000708800000|  0%| F|  |TAMS 0x0000000708700000, 0x0000000708700000| Untracked 
|  92|0x0000000708800000, 0x0000000708800000, 0x0000000708900000|  0%| F|  |TAMS 0x0000000708800000, 0x0000000708800000| Untracked 
|  93|0x0000000708900000, 0x0000000708900000, 0x0000000708a00000|  0%| F|  |TAMS 0x0000000708900000, 0x0000000708900000| Untracked 
|  94|0x0000000708a00000, 0x0000000708a00000, 0x0000000708b00000|  0%| F|  |TAMS 0x0000000708a00000, 0x0000000708a00000| Untracked 
|  95|0x0000000708b00000, 0x0000000708b00000, 0x0000000708c00000|  0%| F|  |TAMS 0x0000000708b00000, 0x0000000708b00000| Untracked 
|  96|0x0000000708c00000, 0x0000000708c00000, 0x0000000708d00000|  0%| F|  |TAMS 0x0000000708c00000, 0x0000000708c00000| Untracked 
|  97|0x0000000708d00000, 0x0000000708d00000, 0x0000000708e00000|  0%| F|  |TAMS 0x0000000708d00000, 0x0000000708d00000| Untracked 
|  98|0x0000000708e00000, 0x0000000708e00000, 0x0000000708f00000|  0%| F|  |TAMS 0x0000000708e00000, 0x0000000708e00000| Untracked 
|  99|0x0000000708f00000, 0x0000000708f00000, 0x0000000709000000|  0%| F|  |TAMS 0x0000000708f00000, 0x0000000708f00000| Untracked 
| 100|0x0000000709000000, 0x0000000709000000, 0x0000000709100000|  0%| F|  |TAMS 0x0000000709000000, 0x0000000709000000| Untracked 
| 101|0x0000000709100000, 0x0000000709100000, 0x0000000709200000|  0%| F|  |TAMS 0x0000000709100000, 0x0000000709100000| Untracked 
| 102|0x0000000709200000, 0x0000000709200000, 0x0000000709300000|  0%| F|  |TAMS 0x0000000709200000, 0x0000000709200000| Untracked 
| 103|0x0000000709300000, 0x0000000709300000, 0x0000000709400000|  0%| F|  |TAMS 0x0000000709300000, 0x0000000709300000| Untracked 
| 104|0x0000000709400000, 0x0000000709400000, 0x0000000709500000|  0%| F|  |TAMS 0x0000000709400000, 0x0000000709400000| Untracked 
| 105|0x0000000709500000, 0x0000000709500000, 0x0000000709600000|  0%| F|  |TAMS 0x0000000709500000, 0x0000000709500000| Untracked 
| 106|0x0000000709600000, 0x0000000709600000, 0x0000000709700000|  0%| F|  |TAMS 0x0000000709600000, 0x0000000709600000| Untracked 
| 107|0x0000000709700000, 0x0000000709700000, 0x0000000709800000|  0%| F|  |TAMS 0x0000000709700000, 0x0000000709700000| Untracked 
| 108|0x0000000709800000, 0x0000000709800000, 0x0000000709900000|  0%| F|  |TAMS 0x0000000709800000, 0x0000000709800000| Untracked 
| 109|0x0000000709900000, 0x0000000709900000, 0x0000000709a00000|  0%| F|  |TAMS 0x0000000709900000, 0x0000000709900000| Untracked 
| 110|0x0000000709a00000, 0x0000000709a00000, 0x0000000709b00000|  0%| F|  |TAMS 0x0000000709a00000, 0x0000000709a00000| Untracked 
| 111|0x0000000709b00000, 0x0000000709b00000, 0x0000000709c00000|  0%| F|  |TAMS 0x0000000709b00000, 0x0000000709b00000| Untracked 
| 112|0x0000000709c00000, 0x0000000709c00000, 0x0000000709d00000|  0%| F|  |TAMS 0x0000000709c00000, 0x0000000709c00000| Untracked 
| 113|0x0000000709d00000, 0x0000000709d00000, 0x0000000709e00000|  0%| F|  |TAMS 0x0000000709d00000, 0x0000000709d00000| Untracked 
| 114|0x0000000709e00000, 0x0000000709e00000, 0x0000000709f00000|  0%| F|  |TAMS 0x0000000709e00000, 0x0000000709e00000| Untracked 
| 115|0x0000000709f00000, 0x0000000709f00000, 0x000000070a000000|  0%| F|  |TAMS 0x0000000709f00000, 0x0000000709f00000| Untracked 
| 116|0x000000070a000000, 0x000000070a000000, 0x000000070a100000|  0%| F|  |TAMS 0x000000070a000000, 0x000000070a000000| Untracked 
| 117|0x000000070a100000, 0x000000070a100000, 0x000000070a200000|  0%| F|  |TAMS 0x000000070a100000, 0x000000070a100000| Untracked 
| 118|0x000000070a200000, 0x000000070a200000, 0x000000070a300000|  0%| F|  |TAMS 0x000000070a200000, 0x000000070a200000| Untracked 
| 119|0x000000070a300000, 0x000000070a300000, 0x000000070a400000|  0%| F|  |TAMS 0x000000070a300000, 0x000000070a300000| Untracked 
| 120|0x000000070a400000, 0x000000070a400000, 0x000000070a500000|  0%| F|  |TAMS 0x000000070a400000, 0x000000070a400000| Untracked 
| 121|0x000000070a500000, 0x000000070a500000, 0x000000070a600000|  0%| F|  |TAMS 0x000000070a500000, 0x000000070a500000| Untracked 
| 122|0x000000070a600000, 0x000000070a600000, 0x000000070a700000|  0%| F|  |TAMS 0x000000070a600000, 0x000000070a600000| Untracked 
| 123|0x000000070a700000, 0x000000070a700000, 0x000000070a800000|  0%| F|  |TAMS 0x000000070a700000, 0x000000070a700000| Untracked 
| 124|0x000000070a800000, 0x000000070a800000, 0x000000070a900000|  0%| F|  |TAMS 0x000000070a800000, 0x000000070a800000| Untracked 
| 125|0x000000070a900000, 0x000000070a900000, 0x000000070aa00000|  0%| F|  |TAMS 0x000000070a900000, 0x000000070a900000| Untracked 
| 126|0x000000070aa00000, 0x000000070aa00000, 0x000000070ab00000|  0%| F|  |TAMS 0x000000070aa00000, 0x000000070aa00000| Untracked 
| 127|0x000000070ab00000, 0x000000070ab00000, 0x000000070ac00000|  0%| F|  |TAMS 0x000000070ab00000, 0x000000070ab00000| Untracked 
| 128|0x000000070ac00000, 0x000000070ac00000, 0x000000070ad00000|  0%| F|  |TAMS 0x000000070ac00000, 0x000000070ac00000| Untracked 
| 129|0x000000070ad00000, 0x000000070ad00000, 0x000000070ae00000|  0%| F|  |TAMS 0x000000070ad00000, 0x000000070ad00000| Untracked 
| 130|0x000000070ae00000, 0x000000070ae00000, 0x000000070af00000|  0%| F|  |TAMS 0x000000070ae00000, 0x000000070ae00000| Untracked 
| 131|0x000000070af00000, 0x000000070af00000, 0x000000070b000000|  0%| F|  |TAMS 0x000000070af00000, 0x000000070af00000| Untracked 
| 132|0x000000070b000000, 0x000000070b000000, 0x000000070b100000|  0%| F|  |TAMS 0x000000070b000000, 0x000000070b000000| Untracked 
| 133|0x000000070b100000, 0x000000070b100000, 0x000000070b200000|  0%| F|  |TAMS 0x000000070b100000, 0x000000070b100000| Untracked 
| 134|0x000000070b200000, 0x000000070b200000, 0x000000070b300000|  0%| F|  |TAMS 0x000000070b200000, 0x000000070b200000| Untracked 
| 135|0x000000070b300000, 0x000000070b300000, 0x000000070b400000|  0%| F|  |TAMS 0x000000070b300000, 0x000000070b300000| Untracked 
| 136|0x000000070b400000, 0x000000070b400000, 0x000000070b500000|  0%| F|  |TAMS 0x000000070b400000, 0x000000070b400000| Untracked 
| 137|0x000000070b500000, 0x000000070b500000, 0x000000070b600000|  0%| F|  |TAMS 0x000000070b500000, 0x000000070b500000| Untracked 
| 138|0x000000070b600000, 0x000000070b600000, 0x000000070b700000|  0%| F|  |TAMS 0x000000070b600000, 0x000000070b600000| Untracked 
| 139|0x000000070b700000, 0x000000070b700000, 0x000000070b800000|  0%| F|  |TAMS 0x000000070b700000, 0x000000070b700000| Untracked 
| 140|0x000000070b800000, 0x000000070b800000, 0x000000070b900000|  0%| F|  |TAMS 0x000000070b800000, 0x000000070b800000| Untracked 
| 141|0x000000070b900000, 0x000000070b900000, 0x000000070ba00000|  0%| F|  |TAMS 0x000000070b900000, 0x000000070b900000| Untracked 
| 142|0x000000070ba00000, 0x000000070ba00000, 0x000000070bb00000|  0%| F|  |TAMS 0x000000070ba00000, 0x000000070ba00000| Untracked 
| 143|0x000000070bb00000, 0x000000070bb00000, 0x000000070bc00000|  0%| F|  |TAMS 0x000000070bb00000, 0x000000070bb00000| Untracked 
| 144|0x000000070bc00000, 0x000000070bc00000, 0x000000070bd00000|  0%| F|  |TAMS 0x000000070bc00000, 0x000000070bc00000| Untracked 
| 145|0x000000070bd00000, 0x000000070bd00000, 0x000000070be00000|  0%| F|  |TAMS 0x000000070bd00000, 0x000000070bd00000| Untracked 
| 146|0x000000070be00000, 0x000000070be00000, 0x000000070bf00000|  0%| F|  |TAMS 0x000000070be00000, 0x000000070be00000| Untracked 
| 147|0x000000070bf00000, 0x000000070bf00000, 0x000000070c000000|  0%| F|  |TAMS 0x000000070bf00000, 0x000000070bf00000| Untracked 
| 148|0x000000070c000000, 0x000000070c000000, 0x000000070c100000|  0%| F|  |TAMS 0x000000070c000000, 0x000000070c000000| Untracked 
| 149|0x000000070c100000, 0x000000070c100000, 0x000000070c200000|  0%| F|  |TAMS 0x000000070c100000, 0x000000070c100000| Untracked 
| 150|0x000000070c200000, 0x000000070c200000, 0x000000070c300000|  0%| F|  |TAMS 0x000000070c200000, 0x000000070c200000| Untracked 
| 151|0x000000070c300000, 0x000000070c300000, 0x000000070c400000|  0%| F|  |TAMS 0x000000070c300000, 0x000000070c300000| Untracked 
| 152|0x000000070c400000, 0x000000070c400000, 0x000000070c500000|  0%| F|  |TAMS 0x000000070c400000, 0x000000070c400000| Untracked 
| 153|0x000000070c500000, 0x000000070c500000, 0x000000070c600000|  0%| F|  |TAMS 0x000000070c500000, 0x000000070c500000| Untracked 
| 154|0x000000070c600000, 0x000000070c600000, 0x000000070c700000|  0%| F|  |TAMS 0x000000070c600000, 0x000000070c600000| Untracked 
| 155|0x000000070c700000, 0x000000070c700000, 0x000000070c800000|  0%| F|  |TAMS 0x000000070c700000, 0x000000070c700000| Untracked 
| 156|0x000000070c800000, 0x000000070c800000, 0x000000070c900000|  0%| F|  |TAMS 0x000000070c800000, 0x000000070c800000| Untracked 
| 157|0x000000070c900000, 0x000000070c900000, 0x000000070ca00000|  0%| F|  |TAMS 0x000000070c900000, 0x000000070c900000| Untracked 
| 158|0x000000070ca00000, 0x000000070ca00000, 0x000000070cb00000|  0%| F|  |TAMS 0x000000070ca00000, 0x000000070ca00000| Untracked 
| 159|0x000000070cb00000, 0x000000070cb00000, 0x000000070cc00000|  0%| F|  |TAMS 0x000000070cb00000, 0x000000070cb00000| Untracked 
| 160|0x000000070cc00000, 0x000000070cc00000, 0x000000070cd00000|  0%| F|  |TAMS 0x000000070cc00000, 0x000000070cc00000| Untracked 
| 161|0x000000070cd00000, 0x000000070cd00000, 0x000000070ce00000|  0%| F|  |TAMS 0x000000070cd00000, 0x000000070cd00000| Untracked 
| 162|0x000000070ce00000, 0x000000070ce00000, 0x000000070cf00000|  0%| F|  |TAMS 0x000000070ce00000, 0x000000070ce00000| Untracked 
| 163|0x000000070cf00000, 0x000000070cf00000, 0x000000070d000000|  0%| F|  |TAMS 0x000000070cf00000, 0x000000070cf00000| Untracked 
| 164|0x000000070d000000, 0x000000070d000000, 0x000000070d100000|  0%| F|  |TAMS 0x000000070d000000, 0x000000070d000000| Untracked 
| 165|0x000000070d100000, 0x000000070d100000, 0x000000070d200000|  0%| F|  |TAMS 0x000000070d100000, 0x000000070d100000| Untracked 
| 166|0x000000070d200000, 0x000000070d200000, 0x000000070d300000|  0%| F|  |TAMS 0x000000070d200000, 0x000000070d200000| Untracked 
| 167|0x000000070d300000, 0x000000070d300000, 0x000000070d400000|  0%| F|  |TAMS 0x000000070d300000, 0x000000070d300000| Untracked 
| 168|0x000000070d400000, 0x000000070d400000, 0x000000070d500000|  0%| F|  |TAMS 0x000000070d400000, 0x000000070d400000| Untracked 
| 169|0x000000070d500000, 0x000000070d500000, 0x000000070d600000|  0%| F|  |TAMS 0x000000070d500000, 0x000000070d500000| Untracked 
| 170|0x000000070d600000, 0x000000070d600000, 0x000000070d700000|  0%| F|  |TAMS 0x000000070d600000, 0x000000070d600000| Untracked 
| 171|0x000000070d700000, 0x000000070d700000, 0x000000070d800000|  0%| F|  |TAMS 0x000000070d700000, 0x000000070d700000| Untracked 
| 172|0x000000070d800000, 0x000000070d800000, 0x000000070d900000|  0%| F|  |TAMS 0x000000070d800000, 0x000000070d800000| Untracked 
| 173|0x000000070d900000, 0x000000070d900000, 0x000000070da00000|  0%| F|  |TAMS 0x000000070d900000, 0x000000070d900000| Untracked 
| 174|0x000000070da00000, 0x000000070da00000, 0x000000070db00000|  0%| F|  |TAMS 0x000000070da00000, 0x000000070da00000| Untracked 
| 175|0x000000070db00000, 0x000000070db00000, 0x000000070dc00000|  0%| F|  |TAMS 0x000000070db00000, 0x000000070db00000| Untracked 
| 176|0x000000070dc00000, 0x000000070dc00000, 0x000000070dd00000|  0%| F|  |TAMS 0x000000070dc00000, 0x000000070dc00000| Untracked 
| 177|0x000000070dd00000, 0x000000070dd00000, 0x000000070de00000|  0%| F|  |TAMS 0x000000070dd00000, 0x000000070dd00000| Untracked 
| 178|0x000000070de00000, 0x000000070de00000, 0x000000070df00000|  0%| F|  |TAMS 0x000000070de00000, 0x000000070de00000| Untracked 
| 179|0x000000070df00000, 0x000000070df00000, 0x000000070e000000|  0%| F|  |TAMS 0x000000070df00000, 0x000000070df00000| Untracked 
| 180|0x000000070e000000, 0x000000070e000000, 0x000000070e100000|  0%| F|  |TAMS 0x000000070e000000, 0x000000070e000000| Untracked 
| 181|0x000000070e100000, 0x000000070e100000, 0x000000070e200000|  0%| F|  |TAMS 0x000000070e100000, 0x000000070e100000| Untracked 
| 182|0x000000070e200000, 0x000000070e200000, 0x000000070e300000|  0%| F|  |TAMS 0x000000070e200000, 0x000000070e200000| Untracked 
| 183|0x000000070e300000, 0x000000070e300000, 0x000000070e400000|  0%| F|  |TAMS 0x000000070e300000, 0x000000070e300000| Untracked 
| 184|0x000000070e400000, 0x000000070e400000, 0x000000070e500000|  0%| F|  |TAMS 0x000000070e400000, 0x000000070e400000| Untracked 
| 185|0x000000070e500000, 0x000000070e500000, 0x000000070e600000|  0%| F|  |TAMS 0x000000070e500000, 0x000000070e500000| Untracked 
| 186|0x000000070e600000, 0x000000070e600000, 0x000000070e700000|  0%| F|  |TAMS 0x000000070e600000, 0x000000070e600000| Untracked 
| 187|0x000000070e700000, 0x000000070e700000, 0x000000070e800000|  0%| F|  |TAMS 0x000000070e700000, 0x000000070e700000| Untracked 
| 188|0x000000070e800000, 0x000000070e800000, 0x000000070e900000|  0%| F|  |TAMS 0x000000070e800000, 0x000000070e800000| Untracked 
| 189|0x000000070e900000, 0x000000070e900000, 0x000000070ea00000|  0%| F|  |TAMS 0x000000070e900000, 0x000000070e900000| Untracked 
| 190|0x000000070ea00000, 0x000000070ea00000, 0x000000070eb00000|  0%| F|  |TAMS 0x000000070ea00000, 0x000000070ea00000| Untracked 
| 191|0x000000070eb00000, 0x000000070eb00000, 0x000000070ec00000|  0%| F|  |TAMS 0x000000070eb00000, 0x000000070eb00000| Untracked 
| 192|0x000000070ec00000, 0x000000070ec00000, 0x000000070ed00000|  0%| F|  |TAMS 0x000000070ec00000, 0x000000070ec00000| Untracked 
| 193|0x000000070ed00000, 0x000000070ed00000, 0x000000070ee00000|  0%| F|  |TAMS 0x000000070ed00000, 0x000000070ed00000| Untracked 
| 194|0x000000070ee00000, 0x000000070ee00000, 0x000000070ef00000|  0%| F|  |TAMS 0x000000070ee00000, 0x000000070ee00000| Untracked 
| 195|0x000000070ef00000, 0x000000070ef00000, 0x000000070f000000|  0%| F|  |TAMS 0x000000070ef00000, 0x000000070ef00000| Untracked 
| 196|0x000000070f000000, 0x000000070f000000, 0x000000070f100000|  0%| F|  |TAMS 0x000000070f000000, 0x000000070f000000| Untracked 
| 197|0x000000070f100000, 0x000000070f100000, 0x000000070f200000|  0%| F|  |TAMS 0x000000070f100000, 0x000000070f100000| Untracked 
| 198|0x000000070f200000, 0x000000070f200000, 0x000000070f300000|  0%| F|  |TAMS 0x000000070f200000, 0x000000070f200000| Untracked 
| 199|0x000000070f300000, 0x000000070f300000, 0x000000070f400000|  0%| F|  |TAMS 0x000000070f300000, 0x000000070f300000| Untracked 
| 200|0x000000070f400000, 0x000000070f400000, 0x000000070f500000|  0%| F|  |TAMS 0x000000070f400000, 0x000000070f400000| Untracked 
| 201|0x000000070f500000, 0x000000070f500000, 0x000000070f600000|  0%| F|  |TAMS 0x000000070f500000, 0x000000070f500000| Untracked 
| 202|0x000000070f600000, 0x000000070f600000, 0x000000070f700000|  0%| F|  |TAMS 0x000000070f600000, 0x000000070f600000| Untracked 
| 203|0x000000070f700000, 0x000000070f700000, 0x000000070f800000|  0%| F|  |TAMS 0x000000070f700000, 0x000000070f700000| Untracked 
| 204|0x000000070f800000, 0x000000070f800000, 0x000000070f900000|  0%| F|  |TAMS 0x000000070f800000, 0x000000070f800000| Untracked 
| 205|0x000000070f900000, 0x000000070f900000, 0x000000070fa00000|  0%| F|  |TAMS 0x000000070f900000, 0x000000070f900000| Untracked 
| 206|0x000000070fa00000, 0x000000070fa00000, 0x000000070fb00000|  0%| F|  |TAMS 0x000000070fa00000, 0x000000070fa00000| Untracked 
| 207|0x000000070fb00000, 0x000000070fb00000, 0x000000070fc00000|  0%| F|  |TAMS 0x000000070fb00000, 0x000000070fb00000| Untracked 
| 208|0x000000070fc00000, 0x000000070fc00000, 0x000000070fd00000|  0%| F|  |TAMS 0x000000070fc00000, 0x000000070fc00000| Untracked 
| 209|0x000000070fd00000, 0x000000070fd00000, 0x000000070fe00000|  0%| F|  |TAMS 0x000000070fd00000, 0x000000070fd00000| Untracked 
| 210|0x000000070fe00000, 0x000000070fe00000, 0x000000070ff00000|  0%| F|  |TAMS 0x000000070fe00000, 0x000000070fe00000| Untracked 
| 211|0x000000070ff00000, 0x000000070ff00000, 0x0000000710000000|  0%| F|  |TAMS 0x000000070ff00000, 0x000000070ff00000| Untracked 
| 212|0x0000000710000000, 0x0000000710000000, 0x0000000710100000|  0%| F|  |TAMS 0x0000000710000000, 0x0000000710000000| Untracked 
| 213|0x0000000710100000, 0x0000000710100000, 0x0000000710200000|  0%| F|  |TAMS 0x0000000710100000, 0x0000000710100000| Untracked 
| 214|0x0000000710200000, 0x0000000710200000, 0x0000000710300000|  0%| F|  |TAMS 0x0000000710200000, 0x0000000710200000| Untracked 
| 215|0x0000000710300000, 0x0000000710300000, 0x0000000710400000|  0%| F|  |TAMS 0x0000000710300000, 0x0000000710300000| Untracked 
| 216|0x0000000710400000, 0x0000000710400000, 0x0000000710500000|  0%| F|  |TAMS 0x0000000710400000, 0x0000000710400000| Untracked 
| 217|0x0000000710500000, 0x0000000710500000, 0x0000000710600000|  0%| F|  |TAMS 0x0000000710500000, 0x0000000710500000| Untracked 
| 218|0x0000000710600000, 0x0000000710600000, 0x0000000710700000|  0%| F|  |TAMS 0x0000000710600000, 0x0000000710600000| Untracked 
| 219|0x0000000710700000, 0x0000000710700000, 0x0000000710800000|  0%| F|  |TAMS 0x0000000710700000, 0x0000000710700000| Untracked 
| 220|0x0000000710800000, 0x0000000710800000, 0x0000000710900000|  0%| F|  |TAMS 0x0000000710800000, 0x0000000710800000| Untracked 
| 221|0x0000000710900000, 0x0000000710900000, 0x0000000710a00000|  0%| F|  |TAMS 0x0000000710900000, 0x0000000710900000| Untracked 
| 222|0x0000000710a00000, 0x0000000710a00000, 0x0000000710b00000|  0%| F|  |TAMS 0x0000000710a00000, 0x0000000710a00000| Untracked 
| 223|0x0000000710b00000, 0x0000000710b00000, 0x0000000710c00000|  0%| F|  |TAMS 0x0000000710b00000, 0x0000000710b00000| Untracked 
| 224|0x0000000710c00000, 0x0000000710c00000, 0x0000000710d00000|  0%| F|  |TAMS 0x0000000710c00000, 0x0000000710c00000| Untracked 
| 225|0x0000000710d00000, 0x0000000710d00000, 0x0000000710e00000|  0%| F|  |TAMS 0x0000000710d00000, 0x0000000710d00000| Untracked 
| 226|0x0000000710e00000, 0x0000000710e00000, 0x0000000710f00000|  0%| F|  |TAMS 0x0000000710e00000, 0x0000000710e00000| Untracked 
| 227|0x0000000710f00000, 0x0000000710f00000, 0x0000000711000000|  0%| F|  |TAMS 0x0000000710f00000, 0x0000000710f00000| Untracked 
| 228|0x0000000711000000, 0x0000000711000000, 0x0000000711100000|  0%| F|  |TAMS 0x0000000711000000, 0x0000000711000000| Untracked 
| 229|0x0000000711100000, 0x0000000711100000, 0x0000000711200000|  0%| F|  |TAMS 0x0000000711100000, 0x0000000711100000| Untracked 
| 230|0x0000000711200000, 0x0000000711200000, 0x0000000711300000|  0%| F|  |TAMS 0x0000000711200000, 0x0000000711200000| Untracked 
| 231|0x0000000711300000, 0x0000000711300000, 0x0000000711400000|  0%| F|  |TAMS 0x0000000711300000, 0x0000000711300000| Untracked 
| 232|0x0000000711400000, 0x0000000711400000, 0x0000000711500000|  0%| F|  |TAMS 0x0000000711400000, 0x0000000711400000| Untracked 
| 233|0x0000000711500000, 0x0000000711500000, 0x0000000711600000|  0%| F|  |TAMS 0x0000000711500000, 0x0000000711500000| Untracked 
| 234|0x0000000711600000, 0x0000000711600000, 0x0000000711700000|  0%| F|  |TAMS 0x0000000711600000, 0x0000000711600000| Untracked 
| 235|0x0000000711700000, 0x0000000711700000, 0x0000000711800000|  0%| F|  |TAMS 0x0000000711700000, 0x0000000711700000| Untracked 
| 236|0x0000000711800000, 0x0000000711800000, 0x0000000711900000|  0%| F|  |TAMS 0x0000000711800000, 0x0000000711800000| Untracked 
| 237|0x0000000711900000, 0x0000000711900000, 0x0000000711a00000|  0%| F|  |TAMS 0x0000000711900000, 0x0000000711900000| Untracked 
| 238|0x0000000711a00000, 0x0000000711a00000, 0x0000000711b00000|  0%| F|  |TAMS 0x0000000711a00000, 0x0000000711a00000| Untracked 
| 239|0x0000000711b00000, 0x0000000711b00000, 0x0000000711c00000|  0%| F|  |TAMS 0x0000000711b00000, 0x0000000711b00000| Untracked 
| 240|0x0000000711c00000, 0x0000000711c00000, 0x0000000711d00000|  0%| F|  |TAMS 0x0000000711c00000, 0x0000000711c00000| Untracked 
| 241|0x0000000711d00000, 0x0000000711d00000, 0x0000000711e00000|  0%| F|  |TAMS 0x0000000711d00000, 0x0000000711d00000| Untracked 
| 242|0x0000000711e00000, 0x0000000711e00000, 0x0000000711f00000|  0%| F|  |TAMS 0x0000000711e00000, 0x0000000711e00000| Untracked 
| 243|0x0000000711f00000, 0x0000000711ff64a8, 0x0000000712000000| 96%| E|  |TAMS 0x0000000711f00000, 0x0000000711f00000| Complete 
| 244|0x0000000712000000, 0x0000000712100000, 0x0000000712100000|100%| E|CS|TAMS 0x0000000712000000, 0x0000000712000000| Complete 
| 245|0x0000000712100000, 0x0000000712200000, 0x0000000712200000|100%| E|CS|TAMS 0x0000000712100000, 0x0000000712100000| Complete 
| 246|0x0000000712200000, 0x0000000712300000, 0x0000000712300000|100%| E|CS|TAMS 0x0000000712200000, 0x0000000712200000| Complete 
| 247|0x0000000712300000, 0x0000000712400000, 0x0000000712400000|100%| E|CS|TAMS 0x0000000712300000, 0x0000000712300000| Complete 
| 248|0x0000000712400000, 0x0000000712500000, 0x0000000712500000|100%| E|CS|TAMS 0x0000000712400000, 0x0000000712400000| Complete 
| 249|0x0000000712500000, 0x0000000712600000, 0x0000000712600000|100%| E|  |TAMS 0x0000000712500000, 0x0000000712500000| Complete 
| 250|0x0000000712600000, 0x0000000712700000, 0x0000000712700000|100%| E|CS|TAMS 0x0000000712600000, 0x0000000712600000| Complete 
| 251|0x0000000712700000, 0x0000000712800000, 0x0000000712800000|100%| E|CS|TAMS 0x0000000712700000, 0x0000000712700000| Complete 
| 252|0x0000000712800000, 0x0000000712900000, 0x0000000712900000|100%| E|CS|TAMS 0x0000000712800000, 0x0000000712800000| Complete 
| 253|0x0000000712900000, 0x0000000712a00000, 0x0000000712a00000|100%| E|CS|TAMS 0x0000000712900000, 0x0000000712900000| Complete 

Card table byte_map: [0x000001e90f7f0000,0x000001e90ffe0000] _byte_map_base: 0x000001e90bfda000

Marking Bits (Prev, Next): (CMBitMap*) 0x000001e9762349d8, (CMBitMap*) 0x000001e976234a10
 Prev Bits: [0x000001e9107d0000, 0x000001e914720000)
 Next Bits: [0x000001e914720000, 0x000001e918670000)

Polling page: 0x000001e975ee0000

Metaspace:

Usage:
  Non-class:      9.85 MB capacity,     9.70 MB ( 98%) used,   133.28 KB (  1%) free+waste,    22.06 KB ( <1%) overhead. 
      Class:      1.07 MB capacity,  1003.88 KB ( 92%) used,    80.19 KB (  7%) free+waste,    10.94 KB ( <1%) overhead. 
       Both:     10.92 MB capacity,    10.68 MB ( 98%) used,   213.47 KB (  2%) free+waste,    33.00 KB ( <1%) overhead. 

Virtual space:
  Non-class space:       10.00 MB reserved,      10.00 MB (100%) committed 
      Class space:        1.00 GB reserved,       1.12 MB ( <1%) committed 
             Both:        1.01 GB reserved,      11.12 MB (  1%) committed 

Chunk freelists:
   Non-Class:  3.00 KB
       Class:  0 bytes
        Both:  3.00 KB

CodeHeap 'non-profiled nmethods': size=120000Kb used=267Kb max_used=267Kb free=119732Kb
 bounds [0x000001e907ad0000, 0x000001e907d40000, 0x000001e90f000000]
CodeHeap 'profiled nmethods': size=120000Kb used=1290Kb max_used=1290Kb free=118709Kb
 bounds [0x000001e9005a0000, 0x000001e900810000, 0x000001e907ad0000]
CodeHeap 'non-nmethods': size=5760Kb used=1186Kb max_used=1205Kb free=4573Kb
 bounds [0x000001e900000000, 0x000001e900270000, 0x000001e9005a0000]
 total_blobs=1260 nmethods=848 adapters=332
 compilation: enabled
              stopped_count=0, restarted_count=0
 full_count=0

Compilation events (10 events):
Event: 1174.347 Thread 0x000001e91baff000  844       3       org.eclipse.jdt.launching.internal.org.objectweb.asm.SymbolTable::hash (15 bytes)
Event: 1174.347 Thread 0x000001e91baff000 nmethod 844 0x000001e9006e2410 code [0x000001e9006e25c0, 0x000001e9006e2738]
Event: 1192.834 Thread 0x000001e91baff000  845       1       org.eclipse.jdt.launching.internal.org.objectweb.asm.SymbolTable::getMajorVersion (5 bytes)
Event: 1192.834 Thread 0x000001e91baff000 nmethod 845 0x000001e907b11c90 code [0x000001e907b11e20, 0x000001e907b11ed8]
Event: 1218.811 Thread 0x000001e91bafa000  847       4       java.lang.StringBuilder::append (8 bytes)
Event: 1218.811 Thread 0x000001e91baff000  848       1       org.eclipse.jdt.launching.internal.org.objectweb.asm.SymbolTable::getSource (5 bytes)
Event: 1218.811 Thread 0x000001e91baff000 nmethod 848 0x000001e907b11f90 code [0x000001e907b12120, 0x000001e907b121d8]
Event: 1218.811 Thread 0x000001e91bafa000 nmethod 847 0x000001e907b12290 code [0x000001e907b12420, 0x000001e907b124a8]
Event: 1218.811 Thread 0x000001e91bafa000  846       4       org.eclipse.jdt.launching.internal.org.objectweb.asm.ClassReader::readUtf (44 bytes)
Event: 1218.818 Thread 0x000001e91bafa000 nmethod 846 0x000001e907b12590 code [0x000001e907b12720, 0x000001e907b12aa8]

GC Heap History (0 events):
No events

Deoptimization events (9 events):
Event: 0.256 Thread 0x000001e9761d4800 Uncommon trap: reason=unstable_if action=reinterpret pc=0x000001e907ad995c method=java.lang.String.isLatin1()Z @ 10 c2
Event: 0.285 Thread 0x000001e9761d4800 Uncommon trap: reason=unstable_if action=reinterpret pc=0x000001e907add3fc method=java.util.HashMap.putVal(ILjava/lang/Object;Ljava/lang/Object;ZZ)Ljava/lang/Object; @ 181 c2
Event: 0.368 Thread 0x000001e9761d4800 Uncommon trap: reason=unstable_if action=reinterpret pc=0x000001e907addd74 method=java.lang.String.isLatin1()Z @ 10 c2
Event: 6.928 Thread 0x000001e9761d4800 Uncommon trap: reason=unstable_if action=reinterpret pc=0x000001e907ae24d8 method=java.lang.CharacterDataLatin1.digit(II)I @ 7 c2
Event: 6.928 Thread 0x000001e9761d4800 Uncommon trap: reason=unstable_if action=reinterpret pc=0x000001e907ae4b44 method=java.lang.CharacterDataLatin1.digit(II)I @ 7 c2
Event: 6.935 Thread 0x000001e9761d4800 Uncommon trap: reason=bimorphic_or_optimized_type_check action=maybe_recompile pc=0x000001e907ad9c14 method=java.util.AbstractCollection.isEmpty()Z @ 1 c2
Event: 6.935 Thread 0x000001e9761d4800 Uncommon trap: reason=bimorphic_or_optimized_type_check action=maybe_recompile pc=0x000001e907ad9c14 method=java.util.AbstractCollection.isEmpty()Z @ 1 c2
Event: 6.936 Thread 0x000001e9761d4800 Uncommon trap: reason=bimorphic_or_optimized_type_check action=maybe_recompile pc=0x000001e907ad9c14 method=java.util.AbstractCollection.isEmpty()Z @ 1 c2
Event: 6.937 Thread 0x000001e9761d4800 Uncommon trap: reason=bimorphic_or_optimized_type_check action=maybe_recompile pc=0x000001e907ad9c14 method=java.util.AbstractCollection.isEmpty()Z @ 1 c2

Classes redefined (10 events):
Event: 1144.280 Thread 0x000001e91b1df000 redefined class name=com.cdac.acts.account.tester.AccountTester, count=15
Event: 1164.489 Thread 0x000001e91b1df000 redefined class name=com.cdac.acts.account.tester.AccountTester, count=16
Event: 1174.349 Thread 0x000001e91b1df000 redefined class name=com.cdac.acts.account.tester.AccountTester, count=17
Event: 1192.836 Thread 0x000001e91b1df000 redefined class name=com.cdac.acts.account.tester.AccountTester, count=18
Event: 1209.094 Thread 0x000001e91b1df000 redefined class name=com.cdac.acts.account.tester.AccountTester, count=19
Event: 1218.813 Thread 0x000001e91b1df000 redefined class name=com.cdac.acts.account.tester.AccountTester, count=20
Event: 1478.391 Thread 0x000001e91b1df000 redefined class name=com.cdac.acts.account.tester.AccountTester, count=21
Event: 1486.600 Thread 0x000001e91b1df000 redefined class name=com.cdac.acts.account.tester.AccountTester, count=22
Event: 1864.630 Thread 0x000001e91b1df000 redefined class name=com.cdac.acts.account.tester.AccountTester, count=23
Event: 1877.971 Thread 0x000001e91b1df000 redefined class name=com.cdac.acts.account.tester.AccountTester, count=24

Internal exceptions (10 events):
Event: 13.088 Thread 0x000001e9761d4800 Exception <a 'java/lang/NoSuchMethodError'{0x000000071210ff98}: java.lang.invoke.DirectMethodHandle$Holder.invokeSpecial(Ljava/lang/Object;Ljava/lang/Object;IILjava/lang/Object;Ljava/lang/Object;Ljava/lang/Object;)Ljava/lang/Object;> (0x000000071210ff98) 
Event: 13.088 Thread 0x000001e9761d4800 Exception <a 'java/lang/NoSuchMethodError'{0x0000000712113520}: java.lang.invoke.DelegatingMethodHandle$Holder.reinvoke_L(Ljava/lang/Object;IILjava/lang/Object;Ljava/lang/Object;Ljava/lang/Object;)Ljava/lang/Object;> (0x0000000712113520) thrown at [./open
Event: 13.089 Thread 0x000001e9761d4800 Exception <a 'java/lang/NoSuchMethodError'{0x0000000712122110}: java.lang.invoke.DirectMethodHandle$Holder.invokeStatic(Ljava/lang/Object;Ljava/lang/Object;Ljava/lang/Object;Ljava/lang/Object;Ljava/lang/Object;Ljava/lang/Object;I)Ljava/lang/Object;> (0x00
Event: 13.102 Thread 0x000001e9761d4800 Exception <a 'java/lang/NoSuchMethodError'{0x00000007121f3268}: java.lang.invoke.DirectMethodHandle$Holder.invokeSpecial(Ljava/lang/Object;Ljava/lang/Object;IIILjava/lang/Object;Ljava/lang/Object;Ljava/lang/Object;)Ljava/lang/Object;> (0x00000007121f3268)
Event: 13.102 Thread 0x000001e9761d4800 Exception <a 'java/lang/NoSuchMethodError'{0x00000007121f6898}: java.lang.invoke.DelegatingMethodHandle$Holder.reinvoke_L(Ljava/lang/Object;IIILjava/lang/Object;Ljava/lang/Object;Ljava/lang/Object;)Ljava/lang/Object;> (0x00000007121f6898) thrown at [./ope
Event: 13.103 Thread 0x000001e9761d4800 Exception <a 'java/lang/NoSuchMethodError'{0x00000007121fe928}: java.lang.invoke.DirectMethodHandle$Holder.invokeStatic(Ljava/lang/Object;Ljava/lang/Object;Ljava/lang/Object;Ljava/lang/Object;Ljava/lang/Object;I)Ljava/lang/Object;> (0x00000007121fe928) th
Event: 13.104 Thread 0x000001e9761d4800 Exception <a 'java/lang/NoSuchMethodError'{0x00000007120157f8}: java.lang.invoke.DirectMethodHandle$Holder.invokeStatic(Ljava/lang/Object;Ljava/lang/Object;Ljava/lang/Object;Ljava/lang/Object;Ljava/lang/Object;II)Ljava/lang/Object;> (0x00000007120157f8) t
Event: 13.104 Thread 0x000001e9761d4800 Exception <a 'java/lang/NoSuchMethodError'{0x000000071202cdb8}: java.lang.invoke.DirectMethodHandle$Holder.invokeStatic(Ljava/lang/Object;Ljava/lang/Object;Ljava/lang/Object;Ljava/lang/Object;Ljava/lang/Object;IILjava/lang/Object;)Ljava/lang/Object;> (0x0
Event: 13.105 Thread 0x000001e9761d4800 Exception <a 'java/lang/NoSuchMethodError'{0x0000000712046740}: java.lang.invoke.DirectMethodHandle$Holder.invokeStatic(Ljava/lang/Object;Ljava/lang/Object;Ljava/lang/Object;Ljava/lang/Object;Ljava/lang/Object;IILjava/lang/Object;Ljava/lang/Object;)Ljava/
Event: 13.106 Thread 0x000001e9761d4800 Exception <a 'java/lang/NoSuchMethodError'{0x0000000712061310}: java.lang.invoke.DirectMethodHandle$Holder.invokeStatic(Ljava/lang/Object;Ljava/lang/Object;Ljava/lang/Object;Ljava/lang/Object;Ljava/lang/Object;IILjava/lang/Object;Ljava/lang/Object;Ljava/l

Events (10 events):
Event: 1864.635 Executing VM operation: ChangeBreakpoints done
Event: 1864.639 Executing VM operation: ChangeBreakpoints
Event: 1864.640 Executing VM operation: ChangeBreakpoints done
Event: 1877.969 Executing VM operation: RedefineClasses
Event: 1877.972 Executing VM operation: RedefineClasses done
Event: 1877.976 Executing VM operation: ChangeBreakpoints
Event: 1877.976 Executing VM operation: ChangeBreakpoints done
Event: 1877.980 Executing VM operation: ChangeBreakpoints
Event: 1877.981 Executing VM operation: ChangeBreakpoints done
Event: 1890.540 Executing VM operation: RedefineClasses


Dynamic libraries:
0x00007ff7fb8b0000 - 0x00007ff7fb8c0000 	C:\Program Files\Java\jdk-11\bin\javaw.exe
0x00007ffa17e30000 - 0x00007ffa18028000 	C:\Windows\SYSTEM32\ntdll.dll
0x00007ffa17620000 - 0x00007ffa176e1000 	C:\Windows\System32\KERNEL32.DLL
0x00007ffa15770000 - 0x00007ffa15a6d000 	C:\Windows\System32\KERNELBASE.dll
0x00007ffa15670000 - 0x00007ffa15770000 	C:\Windows\System32\ucrtbase.dll
0x00007ffa0bbd0000 - 0x00007ffa0bbe8000 	C:\Program Files\Java\jdk-11\bin\jli.dll
0x00007ffa0b8f0000 - 0x00007ffa0b90b000 	C:\Program Files\Java\jdk-11\bin\VCRUNTIME140.dll
0x00007ffa16f20000 - 0x00007ffa16fd0000 	C:\Windows\System32\ADVAPI32.dll
0x00007ffa17520000 - 0x00007ffa175be000 	C:\Windows\System32\msvcrt.dll
0x00007ffa17230000 - 0x00007ffa172d0000 	C:\Windows\System32\sechost.dll
0x00007ffa16fd0000 - 0x00007ffa170f3000 	C:\Windows\System32\RPCRT4.dll
0x00007ffa15c70000 - 0x00007ffa15c97000 	C:\Windows\System32\bcrypt.dll
0x00007ffa179a0000 - 0x00007ffa17b3d000 	C:\Windows\System32\USER32.dll
0x00007ffa15ca0000 - 0x00007ffa15cc2000 	C:\Windows\System32\win32u.dll
0x00007ff9f0730000 - 0x00007ff9f09ca000 	C:\Windows\WinSxS\amd64_microsoft.windows.common-controls_6595b64144ccf1df_6.0.19041.4355_none_60b8b9eb71f62e16\COMCTL32.dll
0x00007ffa175c0000 - 0x00007ffa175eb000 	C:\Windows\System32\GDI32.dll
0x00007ffa15550000 - 0x00007ffa15667000 	C:\Windows\System32\gdi32full.dll
0x00007ffa15bd0000 - 0x00007ffa15c6d000 	C:\Windows\System32\msvcp_win.dll
0x00007ffa0f450000 - 0x00007ffa0f45a000 	C:\Windows\SYSTEM32\VERSION.dll
0x00007ffa175f0000 - 0x00007ffa1761f000 	C:\Windows\System32\IMM32.DLL
0x00007ffa12860000 - 0x00007ffa1286c000 	C:\Program Files\Java\jdk-11\bin\vcruntime140_1.dll
0x00007ff9eb930000 - 0x00007ff9eb9be000 	C:\Program Files\Java\jdk-11\bin\msvcp140.dll
0x00007ff9b37c0000 - 0x00007ff9b4328000 	C:\Program Files\Java\jdk-11\bin\server\jvm.dll
0x00007ffa17b60000 - 0x00007ffa17b68000 	C:\Windows\System32\PSAPI.DLL
0x00007ffa0e4d0000 - 0x00007ffa0e4d9000 	C:\Windows\SYSTEM32\WSOCK32.dll
0x00007ffa030b0000 - 0x00007ffa030d7000 	C:\Windows\SYSTEM32\WINMM.dll
0x00007ffa17b70000 - 0x00007ffa17bdb000 	C:\Windows\System32\WS2_32.dll
0x00007ffa13160000 - 0x00007ffa13172000 	C:\Windows\SYSTEM32\kernel.appcore.dll
0x00007ffa0bbc0000 - 0x00007ffa0bbd0000 	C:\Program Files\Java\jdk-11\bin\verify.dll
0x00007ffa03140000 - 0x00007ffa03324000 	C:\Windows\SYSTEM32\DBGHELP.DLL
0x00007ffa02bb0000 - 0x00007ffa02be4000 	C:\Windows\SYSTEM32\dbgcore.DLL
0x00007ffa15d80000 - 0x00007ffa15e02000 	C:\Windows\System32\bcryptPrimitives.dll
0x00007ffa0b560000 - 0x00007ffa0b588000 	C:\Program Files\Java\jdk-11\bin\java.dll
0x00007ffa0b850000 - 0x00007ffa0b85a000 	C:\Program Files\Java\jdk-11\bin\jimage.dll
0x00007ffa0b7d0000 - 0x00007ffa0b808000 	C:\Program Files\Java\jdk-11\bin\jdwp.dll
0x00007ffa0bba0000 - 0x00007ffa0bbae000 	C:\Program Files\Java\jdk-11\bin\instrument.dll
0x00007ffa0b540000 - 0x00007ffa0b557000 	C:\Program Files\Java\jdk-11\bin\zip.dll
0x00007ffa167b0000 - 0x00007ffa16f1f000 	C:\Windows\System32\SHELL32.dll
0x00007ffa13360000 - 0x00007ffa13b03000 	C:\Windows\SYSTEM32\windows.storage.dll
0x00007ffa16450000 - 0x00007ffa167a3000 	C:\Windows\System32\combase.dll
0x00007ffa14d60000 - 0x00007ffa14d8e000 	C:\Windows\SYSTEM32\Wldp.dll
0x00007ffa17820000 - 0x00007ffa178ed000 	C:\Windows\System32\OLEAUT32.dll
0x00007ffa17100000 - 0x00007ffa171ad000 	C:\Windows\System32\SHCORE.dll
0x00007ffa17d90000 - 0x00007ffa17de5000 	C:\Windows\System32\shlwapi.dll
0x00007ffa15410000 - 0x00007ffa15434000 	C:\Windows\SYSTEM32\profapi.dll
0x00007ffa0bb90000 - 0x00007ffa0bb9b000 	C:\Program Files\Java\jdk-11\bin\dt_socket.dll
0x00007ffa14b40000 - 0x00007ffa14baa000 	C:\Windows\System32\mswsock.dll
0x00007ffa14880000 - 0x00007ffa1494a000 	C:\Windows\SYSTEM32\DNSAPI.dll
0x00007ffa14840000 - 0x00007ffa1487b000 	C:\Windows\SYSTEM32\IPHLPAPI.DLL
0x00007ffa15f40000 - 0x00007ffa15f48000 	C:\Windows\System32\NSI.dll
0x00007ffa11ca0000 - 0x00007ffa11d20000 	C:\Windows\System32\fwpuclnt.dll
0x00007ffa0e240000 - 0x00007ffa0e24a000 	C:\Windows\System32\rasadhlp.dll
0x00007ffa0b860000 - 0x00007ffa0b879000 	C:\Program Files\Java\jdk-11\bin\net.dll
0x00007ffa0f9f0000 - 0x00007ffa0fafd000 	C:\Windows\SYSTEM32\WINHTTP.dll
0x00007ffa0b7b0000 - 0x00007ffa0b7c2000 	C:\Program Files\Java\jdk-11\bin\nio.dll

dbghelp: loaded successfully - version: 4.0.5 - missing functions: none
symbol engine: initialized successfully - sym options: 0x614 - pdb path: .;C:\Program Files\Java\jdk-11\bin;C:\Windows\SYSTEM32;C:\Windows\WinSxS\amd64_microsoft.windows.common-controls_6595b64144ccf1df_6.0.19041.4355_none_60b8b9eb71f62e16;C:\Program Files\Java\jdk-11\bin\server

VM Arguments:
jvm_args: -agentlib:jdwp=transport=dt_socket,suspend=y,address=localhost:61036 -javaagent:C:\Users\dac.STUDENTSDC\eclipse\committers-2023-12\eclipse\configuration\org.eclipse.osgi\259\0\.cp\lib\javaagent-shaded.jar -Dfile.encoding=UTF-8 -Dstdout.encoding=UTF-8 -Dstderr.encoding=UTF-8 
java_command: com.cdac.acts.account.tester.AccountTester
java_class_path (initial): E:\Day10\AccountDay8\bin
Launcher Type: SUN_STANDARD

[Global flags]
     intx CICompilerCount                          = 4                                         {product} {ergonomic}
     uint ConcGCThreads                            = 3                                         {product} {ergonomic}
     uint G1ConcRefinementThreads                  = 10                                        {product} {ergonomic}
   size_t G1HeapRegionSize                         = 1048576                                   {product} {ergonomic}
    uintx GCDrainStackTargetSize                   = 64                                        {product} {ergonomic}
   size_t InitialHeapSize                          = 266338304                                 {product} {ergonomic}
   size_t MarkStackSize                            = 4194304                                   {product} {ergonomic}
   size_t MaxHeapSize                              = 4248829952                                {product} {ergonomic}
   size_t MaxNewSize                               = 2549088256                                {product} {ergonomic}
   size_t MinHeapDeltaBytes                        = 1048576                                   {product} {ergonomic}
    uintx NonNMethodCodeHeapSize                   = 5836300                                {pd product} {ergonomic}
    uintx NonProfiledCodeHeapSize                  = 122910970                              {pd product} {ergonomic}
    uintx ProfiledCodeHeapSize                     = 122910970                              {pd product} {ergonomic}
    uintx ReservedCodeCacheSize                    = 251658240                              {pd product} {ergonomic}
     bool SegmentedCodeCache                       = true                                      {product} {ergonomic}
     bool UseCompressedClassPointers               = true                                 {lp64_product} {ergonomic}
     bool UseCompressedOops                        = true                                 {lp64_product} {ergonomic}
     bool UseG1GC                                  = true                                      {product} {ergonomic}
     bool UseLargePagesIndividualAllocation        = false                                  {pd product} {ergonomic}

Logging:
Log output configuration:
 #0: stdout all=warning uptime,level,tags
 #1: stderr all=off uptime,level,tags

Environment Variables:
PATH=C:/Users/dac.STUDENTSDC/.p2/pool/plugins/org.eclipse.justj.openjdk.hotspot.jre.full.win32.x86_64_17.0.12.v20240802-1518/jre/bin/server;C:/Users/dac.STUDENTSDC/.p2/pool/plugins/org.eclipse.justj.openjdk.hotspot.jre.full.win32.x86_64_17.0.12.v20240802-1518/jre/bin;C:\Program Files\Common Files\Oracle\Java\javapath;C:\oraclexe\app\oracle\product\11.2.0\server\bin;C:\Windows\system32;C:\Windows;C:\Windows\System32\Wbem;C:\Windows\System32\WindowsPowerShell\v1.0\;C:\Windows\System32\OpenSSH\;C:\Program Files\Git\cmd;C:\Program Files\Docker\Docker\resources\bin;C:\Program Files\MySQL\MySQL Shell 8.0\bin\;C:\Users\dac.STUDENTSDC\AppData\Local\Microsoft\WindowsApps;;C:\Users\dac.STUDENTSDC\AppData\Local\Programs\Microsoft VS Code\bin;C:\Program Files (x86)\SSH Communications Security\SSH Secure Shell;C:\Users\dac.STUDENTSDC\Desktop;
USERNAME=dac
OS=Windows_NT
PROCESSOR_IDENTIFIER=Intel64 Family 6 Model 158 Stepping 10, GenuineIntel



---------------  S Y S T E M  ---------------

OS: Windows 10 , 64 bit Build 19041 (10.0.19041.4842)
Hyper-V role detected

CPU:total 12 (initial active 12) (6 cores per cpu, 2 threads per core) family 6 model 158 stepping 10 microcode 0xb4, cmov, cx8, fxsr, mmx, sse, sse2, sse3, ssse3, sse4.1, sse4.2, popcnt, avx, avx2, aes, clmul, erms, rtm, 3dnowpref, lzcnt, ht, tsc, tscinvbit, bmi1, bmi2, adx, fma

Memory: 4k page, system-wide physical 16201M (10192M free)
TotalPageFile size 18633M (AvailPageFile size 6599M)
current process WorkingSet (physical memory assigned to process): 58M, peak: 63M
current process commit charge ("private bytes"): 348M, peak: 355M

vm_info: Java HotSpot(TM) 64-Bit Server VM (11.0.18+9-LTS-195) for windows-amd64 JRE (11.0.18+9-LTS-195), built on Dec  6 2022 15:50:58 by "mach5one" with MS VC++ 17.1 (VS2022)

END.
