2024-12-31 14:24:16,583 [Worker-5: Loading available Gradle versions] INFO  o.e.b.c.i.u.g.PublishedGradleVersions - Gradle version information cache is not available. Remote download required.
2024-12-31 14:35:40,362 [Worker-8: Loading available Gradle versions] INFO  o.e.b.c.i.u.g.PublishedGradleVersions - Gradle version information cache is up-to-date. Trying to read.
2024-12-31 14:39:55,089 [Worker-36: Launching mavenrun-6c70771d-c59a-4c31-bfae-d5bedfbc7c4d] INFO  o.eclipse.m2e.core.internal.Bundles - getClasspathEntries(Bundle=org.eclipse.m2e.maven.runtime_3.9.900.20240824-1409 [1500])
2024-12-31 14:39:55,095 [Worker-36: Launching mavenrun-6c70771d-c59a-4c31-bfae-d5bedfbc7c4d] INFO  o.eclipse.m2e.core.internal.Bundles - 	Entry: C:\Users\dac.STUDENTSDC\eclipse-jee-2022-06-R-win32-x86_64 (1)\eclipse\plugins\org.eclipse.m2e.maven.runtime_3.9.900.20240824-1409
2024-12-31 14:39:55,096 [Worker-36: Launching mavenrun-6c70771d-c59a-4c31-bfae-d5bedfbc7c4d] INFO  o.eclipse.m2e.core.internal.Bundles - 	Entry: C:\Users\dac.STUDENTSDC\eclipse-jee-2022-06-R-win32-x86_64 (1)\eclipse\plugins\org.eclipse.m2e.maven.runtime_3.9.900.20240824-1409\jars\aopalliance-1.0.jar
2024-12-31 14:39:55,096 [Worker-36: Launching mavenrun-6c70771d-c59a-4c31-bfae-d5bedfbc7c4d] INFO  o.eclipse.m2e.core.internal.Bundles - 	Entry: C:\Users\dac.STUDENTSDC\eclipse-jee-2022-06-R-win32-x86_64 (1)\eclipse\plugins\org.eclipse.m2e.maven.runtime_3.9.900.20240824-1409\jars\guice-5.1.0.jar
2024-12-31 14:39:55,096 [Worker-36: Launching mavenrun-6c70771d-c59a-4c31-bfae-d5bedfbc7c4d] INFO  o.eclipse.m2e.core.internal.Bundles - 	Entry: C:\Users\dac.STUDENTSDC\eclipse-jee-2022-06-R-win32-x86_64 (1)\eclipse\plugins\org.eclipse.m2e.maven.runtime_3.9.900.20240824-1409\jars\httpclient-4.5.14.jar
2024-12-31 14:39:55,096 [Worker-36: Launching mavenrun-6c70771d-c59a-4c31-bfae-d5bedfbc7c4d] INFO  o.eclipse.m2e.core.internal.Bundles - 	Entry: C:\Users\dac.STUDENTSDC\eclipse-jee-2022-06-R-win32-x86_64 (1)\eclipse\plugins\org.eclipse.m2e.maven.runtime_3.9.900.20240824-1409\jars\httpcore-4.4.16.jar
2024-12-31 14:39:55,097 [Worker-36: Launching mavenrun-6c70771d-c59a-4c31-bfae-d5bedfbc7c4d] INFO  o.eclipse.m2e.core.internal.Bundles - 	Entry: C:\Users\dac.STUDENTSDC\eclipse-jee-2022-06-R-win32-x86_64 (1)\eclipse\plugins\org.eclipse.m2e.maven.runtime_3.9.900.20240824-1409\jars\jansi-2.4.1.jar
2024-12-31 14:39:55,097 [Worker-36: Launching mavenrun-6c70771d-c59a-4c31-bfae-d5bedfbc7c4d] INFO  o.eclipse.m2e.core.internal.Bundles - 	Entry: C:\Users\dac.STUDENTSDC\eclipse-jee-2022-06-R-win32-x86_64 (1)\eclipse\plugins\org.eclipse.m2e.maven.runtime_3.9.900.20240824-1409\jars\jcl-over-slf4j-1.7.36.jar
2024-12-31 14:39:55,097 [Worker-36: Launching mavenrun-6c70771d-c59a-4c31-bfae-d5bedfbc7c4d] INFO  o.eclipse.m2e.core.internal.Bundles - 	Entry: C:\Users\dac.STUDENTSDC\eclipse-jee-2022-06-R-win32-x86_64 (1)\eclipse\plugins\org.eclipse.m2e.maven.runtime_3.9.900.20240824-1409\jars\maven-artifact-3.9.9.jar
2024-12-31 14:39:55,097 [Worker-36: Launching mavenrun-6c70771d-c59a-4c31-bfae-d5bedfbc7c4d] INFO  o.eclipse.m2e.core.internal.Bundles - 	Entry: C:\Users\dac.STUDENTSDC\eclipse-jee-2022-06-R-win32-x86_64 (1)\eclipse\plugins\org.eclipse.m2e.maven.runtime_3.9.900.20240824-1409\jars\maven-builder-support-3.9.9.jar
2024-12-31 14:39:55,097 [Worker-36: Launching mavenrun-6c70771d-c59a-4c31-bfae-d5bedfbc7c4d] INFO  o.eclipse.m2e.core.internal.Bundles - 	Entry: C:\Users\dac.STUDENTSDC\eclipse-jee-2022-06-R-win32-x86_64 (1)\eclipse\plugins\org.eclipse.m2e.maven.runtime_3.9.900.20240824-1409\jars\maven-compat-3.9.9.jar
2024-12-31 14:39:55,097 [Worker-36: Launching mavenrun-6c70771d-c59a-4c31-bfae-d5bedfbc7c4d] INFO  o.eclipse.m2e.core.internal.Bundles - 	Entry: C:\Users\dac.STUDENTSDC\eclipse-jee-2022-06-R-win32-x86_64 (1)\eclipse\plugins\org.eclipse.m2e.maven.runtime_3.9.900.20240824-1409\jars\maven-core-3.9.9.jar
2024-12-31 14:39:55,098 [Worker-36: Launching mavenrun-6c70771d-c59a-4c31-bfae-d5bedfbc7c4d] INFO  o.eclipse.m2e.core.internal.Bundles - 	Entry: C:\Users\dac.STUDENTSDC\eclipse-jee-2022-06-R-win32-x86_64 (1)\eclipse\plugins\org.eclipse.m2e.maven.runtime_3.9.900.20240824-1409\jars\maven-embedder-3.9.9.jar
2024-12-31 14:39:55,098 [Worker-36: Launching mavenrun-6c70771d-c59a-4c31-bfae-d5bedfbc7c4d] INFO  o.eclipse.m2e.core.internal.Bundles - 	Entry: C:\Users\dac.STUDENTSDC\eclipse-jee-2022-06-R-win32-x86_64 (1)\eclipse\plugins\org.eclipse.m2e.maven.runtime_3.9.900.20240824-1409\jars\maven-model-3.9.9.jar
2024-12-31 14:39:55,098 [Worker-36: Launching mavenrun-6c70771d-c59a-4c31-bfae-d5bedfbc7c4d] INFO  o.eclipse.m2e.core.internal.Bundles - 	Entry: C:\Users\dac.STUDENTSDC\eclipse-jee-2022-06-R-win32-x86_64 (1)\eclipse\plugins\org.eclipse.m2e.maven.runtime_3.9.900.20240824-1409\jars\maven-model-builder-3.9.9.jar
2024-12-31 14:39:55,098 [Worker-36: Launching mavenrun-6c70771d-c59a-4c31-bfae-d5bedfbc7c4d] INFO  o.eclipse.m2e.core.internal.Bundles - 	Entry: C:\Users\dac.STUDENTSDC\eclipse-jee-2022-06-R-win32-x86_64 (1)\eclipse\plugins\org.eclipse.m2e.maven.runtime_3.9.900.20240824-1409\jars\maven-plugin-api-3.9.9.jar
2024-12-31 14:39:55,098 [Worker-36: Launching mavenrun-6c70771d-c59a-4c31-bfae-d5bedfbc7c4d] INFO  o.eclipse.m2e.core.internal.Bundles - 	Entry: C:\Users\dac.STUDENTSDC\eclipse-jee-2022-06-R-win32-x86_64 (1)\eclipse\plugins\org.eclipse.m2e.maven.runtime_3.9.900.20240824-1409\jars\maven-repository-metadata-3.9.9.jar
2024-12-31 14:39:55,099 [Worker-36: Launching mavenrun-6c70771d-c59a-4c31-bfae-d5bedfbc7c4d] INFO  o.eclipse.m2e.core.internal.Bundles - 	Entry: C:\Users\dac.STUDENTSDC\eclipse-jee-2022-06-R-win32-x86_64 (1)\eclipse\plugins\org.eclipse.m2e.maven.runtime_3.9.900.20240824-1409\jars\maven-resolver-api-1.9.22.jar
2024-12-31 14:39:55,099 [Worker-36: Launching mavenrun-6c70771d-c59a-4c31-bfae-d5bedfbc7c4d] INFO  o.eclipse.m2e.core.internal.Bundles - 	Entry: C:\Users\dac.STUDENTSDC\eclipse-jee-2022-06-R-win32-x86_64 (1)\eclipse\plugins\org.eclipse.m2e.maven.runtime_3.9.900.20240824-1409\jars\maven-resolver-connector-basic-1.9.22.jar
2024-12-31 14:39:55,099 [Worker-36: Launching mavenrun-6c70771d-c59a-4c31-bfae-d5bedfbc7c4d] INFO  o.eclipse.m2e.core.internal.Bundles - 	Entry: C:\Users\dac.STUDENTSDC\eclipse-jee-2022-06-R-win32-x86_64 (1)\eclipse\plugins\org.eclipse.m2e.maven.runtime_3.9.900.20240824-1409\jars\maven-resolver-impl-1.9.22.jar
2024-12-31 14:39:55,099 [Worker-36: Launching mavenrun-6c70771d-c59a-4c31-bfae-d5bedfbc7c4d] INFO  o.eclipse.m2e.core.internal.Bundles - 	Entry: C:\Users\dac.STUDENTSDC\eclipse-jee-2022-06-R-win32-x86_64 (1)\eclipse\plugins\org.eclipse.m2e.maven.runtime_3.9.900.20240824-1409\jars\maven-resolver-named-locks-1.9.22.jar
2024-12-31 14:39:55,100 [Worker-36: Launching mavenrun-6c70771d-c59a-4c31-bfae-d5bedfbc7c4d] INFO  o.eclipse.m2e.core.internal.Bundles - 	Entry: C:\Users\dac.STUDENTSDC\eclipse-jee-2022-06-R-win32-x86_64 (1)\eclipse\plugins\org.eclipse.m2e.maven.runtime_3.9.900.20240824-1409\jars\maven-resolver-provider-3.9.9.jar
2024-12-31 14:39:55,100 [Worker-36: Launching mavenrun-6c70771d-c59a-4c31-bfae-d5bedfbc7c4d] INFO  o.eclipse.m2e.core.internal.Bundles - 	Entry: C:\Users\dac.STUDENTSDC\eclipse-jee-2022-06-R-win32-x86_64 (1)\eclipse\plugins\org.eclipse.m2e.maven.runtime_3.9.900.20240824-1409\jars\maven-resolver-spi-1.9.22.jar
2024-12-31 14:39:55,100 [Worker-36: Launching mavenrun-6c70771d-c59a-4c31-bfae-d5bedfbc7c4d] INFO  o.eclipse.m2e.core.internal.Bundles - 	Entry: C:\Users\dac.STUDENTSDC\eclipse-jee-2022-06-R-win32-x86_64 (1)\eclipse\plugins\org.eclipse.m2e.maven.runtime_3.9.900.20240824-1409\jars\maven-resolver-transport-file-1.9.22.jar
2024-12-31 14:39:55,101 [Worker-36: Launching mavenrun-6c70771d-c59a-4c31-bfae-d5bedfbc7c4d] INFO  o.eclipse.m2e.core.internal.Bundles - 	Entry: C:\Users\dac.STUDENTSDC\eclipse-jee-2022-06-R-win32-x86_64 (1)\eclipse\plugins\org.eclipse.m2e.maven.runtime_3.9.900.20240824-1409\jars\maven-resolver-transport-http-1.9.22.jar
2024-12-31 14:39:55,101 [Worker-36: Launching mavenrun-6c70771d-c59a-4c31-bfae-d5bedfbc7c4d] INFO  o.eclipse.m2e.core.internal.Bundles - 	Entry: C:\Users\dac.STUDENTSDC\eclipse-jee-2022-06-R-win32-x86_64 (1)\eclipse\plugins\org.eclipse.m2e.maven.runtime_3.9.900.20240824-1409\jars\maven-resolver-transport-wagon-1.9.22.jar
2024-12-31 14:39:55,101 [Worker-36: Launching mavenrun-6c70771d-c59a-4c31-bfae-d5bedfbc7c4d] INFO  o.eclipse.m2e.core.internal.Bundles - 	Entry: C:\Users\dac.STUDENTSDC\eclipse-jee-2022-06-R-win32-x86_64 (1)\eclipse\plugins\org.eclipse.m2e.maven.runtime_3.9.900.20240824-1409\jars\maven-resolver-util-1.9.22.jar
2024-12-31 14:39:55,101 [Worker-36: Launching mavenrun-6c70771d-c59a-4c31-bfae-d5bedfbc7c4d] INFO  o.eclipse.m2e.core.internal.Bundles - 	Entry: C:\Users\dac.STUDENTSDC\eclipse-jee-2022-06-R-win32-x86_64 (1)\eclipse\plugins\org.eclipse.m2e.maven.runtime_3.9.900.20240824-1409\jars\maven-settings-3.9.9.jar
2024-12-31 14:39:55,101 [Worker-36: Launching mavenrun-6c70771d-c59a-4c31-bfae-d5bedfbc7c4d] INFO  o.eclipse.m2e.core.internal.Bundles - 	Entry: C:\Users\dac.STUDENTSDC\eclipse-jee-2022-06-R-win32-x86_64 (1)\eclipse\plugins\org.eclipse.m2e.maven.runtime_3.9.900.20240824-1409\jars\maven-settings-builder-3.9.9.jar
2024-12-31 14:39:55,102 [Worker-36: Launching mavenrun-6c70771d-c59a-4c31-bfae-d5bedfbc7c4d] INFO  o.eclipse.m2e.core.internal.Bundles - 	Entry: C:\Users\dac.STUDENTSDC\eclipse-jee-2022-06-R-win32-x86_64 (1)\eclipse\plugins\org.eclipse.m2e.maven.runtime_3.9.900.20240824-1409\jars\maven-shared-utils-3.4.2.jar
2024-12-31 14:39:55,102 [Worker-36: Launching mavenrun-6c70771d-c59a-4c31-bfae-d5bedfbc7c4d] INFO  o.eclipse.m2e.core.internal.Bundles - 	Entry: C:\Users\dac.STUDENTSDC\eclipse-jee-2022-06-R-win32-x86_64 (1)\eclipse\plugins\org.eclipse.m2e.maven.runtime_3.9.900.20240824-1409\jars\org.eclipse.sisu.inject-0.9.0.M3.jar
2024-12-31 14:39:55,102 [Worker-36: Launching mavenrun-6c70771d-c59a-4c31-bfae-d5bedfbc7c4d] INFO  o.eclipse.m2e.core.internal.Bundles - 	Entry: C:\Users\dac.STUDENTSDC\eclipse-jee-2022-06-R-win32-x86_64 (1)\eclipse\plugins\org.eclipse.m2e.maven.runtime_3.9.900.20240824-1409\jars\org.eclipse.sisu.plexus-0.9.0.M3.jar
2024-12-31 14:39:55,102 [Worker-36: Launching mavenrun-6c70771d-c59a-4c31-bfae-d5bedfbc7c4d] INFO  o.eclipse.m2e.core.internal.Bundles - 	Entry: C:\Users\dac.STUDENTSDC\eclipse-jee-2022-06-R-win32-x86_64 (1)\eclipse\plugins\org.eclipse.m2e.maven.runtime_3.9.900.20240824-1409\jars\plexus-build-api-0.0.7.jar
2024-12-31 14:39:55,102 [Worker-36: Launching mavenrun-6c70771d-c59a-4c31-bfae-d5bedfbc7c4d] INFO  o.eclipse.m2e.core.internal.Bundles - 	Entry: C:\Users\dac.STUDENTSDC\eclipse-jee-2022-06-R-win32-x86_64 (1)\eclipse\plugins\org.eclipse.m2e.maven.runtime_3.9.900.20240824-1409\jars\plexus-build-api-1.2.0.jar
2024-12-31 14:39:55,102 [Worker-36: Launching mavenrun-6c70771d-c59a-4c31-bfae-d5bedfbc7c4d] INFO  o.eclipse.m2e.core.internal.Bundles - 	Entry: C:\Users\dac.STUDENTSDC\eclipse-jee-2022-06-R-win32-x86_64 (1)\eclipse\plugins\org.eclipse.m2e.maven.runtime_3.9.900.20240824-1409\jars\plexus-cipher-2.0.jar
2024-12-31 14:39:55,103 [Worker-36: Launching mavenrun-6c70771d-c59a-4c31-bfae-d5bedfbc7c4d] INFO  o.eclipse.m2e.core.internal.Bundles - 	Entry: C:\Users\dac.STUDENTSDC\eclipse-jee-2022-06-R-win32-x86_64 (1)\eclipse\plugins\org.eclipse.m2e.maven.runtime_3.9.900.20240824-1409\jars\plexus-classworlds-2.8.0.jar
2024-12-31 14:39:55,103 [Worker-36: Launching mavenrun-6c70771d-c59a-4c31-bfae-d5bedfbc7c4d] INFO  o.eclipse.m2e.core.internal.Bundles - 	Entry: C:\Users\dac.STUDENTSDC\eclipse-jee-2022-06-R-win32-x86_64 (1)\eclipse\plugins\org.eclipse.m2e.maven.runtime_3.9.900.20240824-1409\jars\plexus-component-annotations-2.1.0.jar
2024-12-31 14:39:55,103 [Worker-36: Launching mavenrun-6c70771d-c59a-4c31-bfae-d5bedfbc7c4d] INFO  o.eclipse.m2e.core.internal.Bundles - 	Entry: C:\Users\dac.STUDENTSDC\eclipse-jee-2022-06-R-win32-x86_64 (1)\eclipse\plugins\org.eclipse.m2e.maven.runtime_3.9.900.20240824-1409\jars\plexus-interpolation-1.27.jar
2024-12-31 14:39:55,103 [Worker-36: Launching mavenrun-6c70771d-c59a-4c31-bfae-d5bedfbc7c4d] INFO  o.eclipse.m2e.core.internal.Bundles - 	Entry: C:\Users\dac.STUDENTSDC\eclipse-jee-2022-06-R-win32-x86_64 (1)\eclipse\plugins\org.eclipse.m2e.maven.runtime_3.9.900.20240824-1409\jars\plexus-sec-dispatcher-2.0.jar
2024-12-31 14:39:55,103 [Worker-36: Launching mavenrun-6c70771d-c59a-4c31-bfae-d5bedfbc7c4d] INFO  o.eclipse.m2e.core.internal.Bundles - 	Entry: C:\Users\dac.STUDENTSDC\eclipse-jee-2022-06-R-win32-x86_64 (1)\eclipse\plugins\org.eclipse.m2e.maven.runtime_3.9.900.20240824-1409\jars\plexus-utils-3.5.1.jar
2024-12-31 14:39:55,103 [Worker-36: Launching mavenrun-6c70771d-c59a-4c31-bfae-d5bedfbc7c4d] INFO  o.eclipse.m2e.core.internal.Bundles - 	Entry: C:\Users\dac.STUDENTSDC\eclipse-jee-2022-06-R-win32-x86_64 (1)\eclipse\plugins\org.eclipse.m2e.maven.runtime_3.9.900.20240824-1409\jars\plexus-xml-3.0.1.jar
2024-12-31 14:39:55,103 [Worker-36: Launching mavenrun-6c70771d-c59a-4c31-bfae-d5bedfbc7c4d] INFO  o.eclipse.m2e.core.internal.Bundles - 	Entry: C:\Users\dac.STUDENTSDC\eclipse-jee-2022-06-R-win32-x86_64 (1)\eclipse\plugins\org.eclipse.m2e.maven.runtime_3.9.900.20240824-1409\jars\wagon-file-3.5.3.jar
2024-12-31 14:39:55,103 [Worker-36: Launching mavenrun-6c70771d-c59a-4c31-bfae-d5bedfbc7c4d] INFO  o.eclipse.m2e.core.internal.Bundles - 	Entry: C:\Users\dac.STUDENTSDC\eclipse-jee-2022-06-R-win32-x86_64 (1)\eclipse\plugins\org.eclipse.m2e.maven.runtime_3.9.900.20240824-1409\jars\wagon-http-3.5.3.jar
2024-12-31 14:39:55,103 [Worker-36: Launching mavenrun-6c70771d-c59a-4c31-bfae-d5bedfbc7c4d] INFO  o.eclipse.m2e.core.internal.Bundles - 	Entry: C:\Users\dac.STUDENTSDC\eclipse-jee-2022-06-R-win32-x86_64 (1)\eclipse\plugins\org.eclipse.m2e.maven.runtime_3.9.900.20240824-1409\jars\wagon-http-shared-3.5.3.jar
2024-12-31 14:39:55,103 [Worker-36: Launching mavenrun-6c70771d-c59a-4c31-bfae-d5bedfbc7c4d] INFO  o.eclipse.m2e.core.internal.Bundles - 	Entry: C:\Users\dac.STUDENTSDC\eclipse-jee-2022-06-R-win32-x86_64 (1)\eclipse\plugins\org.eclipse.m2e.maven.runtime_3.9.900.20240824-1409\jars\wagon-provider-api-3.5.3.jar
2024-12-31 14:39:55,107 [Worker-36: Launching mavenrun-6c70771d-c59a-4c31-bfae-d5bedfbc7c4d] INFO  o.eclipse.m2e.core.internal.Bundles - getClasspathEntries(Bundle=com.google.guava_33.3.1.jre [990])
2024-12-31 14:39:55,108 [Worker-36: Launching mavenrun-6c70771d-c59a-4c31-bfae-d5bedfbc7c4d] INFO  o.eclipse.m2e.core.internal.Bundles - 	Entry: C:\Users\dac.STUDENTSDC\eclipse-jee-2022-06-R-win32-x86_64 (1)\eclipse\plugins\com.google.guava_33.3.1.jre.jar
2024-12-31 14:39:55,109 [Worker-36: Launching mavenrun-6c70771d-c59a-4c31-bfae-d5bedfbc7c4d] INFO  o.eclipse.m2e.core.internal.Bundles - getClasspathEntries(Bundle=slf4j.api_2.0.16 [1745])
2024-12-31 14:39:55,110 [Worker-36: Launching mavenrun-6c70771d-c59a-4c31-bfae-d5bedfbc7c4d] INFO  o.eclipse.m2e.core.internal.Bundles - 	Entry: C:\Users\dac.STUDENTSDC\eclipse-jee-2022-06-R-win32-x86_64 (1)\eclipse\plugins\slf4j.api_2.0.16.jar
2024-12-31 14:39:55,110 [Worker-36: Launching mavenrun-6c70771d-c59a-4c31-bfae-d5bedfbc7c4d] INFO  o.eclipse.m2e.core.internal.Bundles - getClasspathEntries(Bundle=javax.inject_1.0.0.v20220405-0441 [30])
2024-12-31 14:39:55,111 [Worker-36: Launching mavenrun-6c70771d-c59a-4c31-bfae-d5bedfbc7c4d] INFO  o.eclipse.m2e.core.internal.Bundles - 	Entry: C:\Users\dac.STUDENTSDC\eclipse-jee-2022-06-R-win32-x86_64 (1)\eclipse\plugins\javax.inject_1.0.0.v20220405-0441.jar
2024-12-31 14:39:55,112 [Worker-36: Launching mavenrun-6c70771d-c59a-4c31-bfae-d5bedfbc7c4d] INFO  o.eclipse.m2e.core.internal.Bundles - getClasspathEntries(Bundle=javax.annotation_1.3.5.v20230504-0748 [1003])
2024-12-31 14:39:55,115 [Worker-36: Launching mavenrun-6c70771d-c59a-4c31-bfae-d5bedfbc7c4d] INFO  o.eclipse.m2e.core.internal.Bundles - 	Entry: C:\Users\dac.STUDENTSDC\eclipse-jee-2022-06-R-win32-x86_64 (1)\eclipse\plugins\javax.annotation_1.3.5.v20230504-0748.jar
2024-12-31 14:39:55,116 [Worker-36: Launching mavenrun-6c70771d-c59a-4c31-bfae-d5bedfbc7c4d] INFO  o.eclipse.m2e.core.internal.Bundles - getClasspathEntries(Bundle=org.apache.commons.cli_1.9.0 [1026])
2024-12-31 14:39:55,117 [Worker-36: Launching mavenrun-6c70771d-c59a-4c31-bfae-d5bedfbc7c4d] INFO  o.eclipse.m2e.core.internal.Bundles - 	Entry: C:\Users\dac.STUDENTSDC\eclipse-jee-2022-06-R-win32-x86_64 (1)\eclipse\plugins\org.apache.commons.cli_1.9.0.jar
2024-12-31 14:39:55,118 [Worker-36: Launching mavenrun-6c70771d-c59a-4c31-bfae-d5bedfbc7c4d] INFO  o.eclipse.m2e.core.internal.Bundles - getClasspathEntries(Bundle=org.apache.commons.commons-codec_1.16.0 [906])
2024-12-31 14:39:55,118 [Worker-36: Launching mavenrun-6c70771d-c59a-4c31-bfae-d5bedfbc7c4d] INFO  o.eclipse.m2e.core.internal.Bundles - 	Entry: C:\Users\dac.STUDENTSDC\eclipse-jee-2022-06-R-win32-x86_64 (1)\eclipse\plugins\org.apache.commons.commons-codec_1.16.0.jar
2024-12-31 14:39:55,118 [Worker-36: Launching mavenrun-6c70771d-c59a-4c31-bfae-d5bedfbc7c4d] INFO  o.eclipse.m2e.core.internal.Bundles - getClasspathEntries(Bundle=com.google.guava.failureaccess_1.0.2 [991])
2024-12-31 14:39:55,118 [Worker-36: Launching mavenrun-6c70771d-c59a-4c31-bfae-d5bedfbc7c4d] INFO  o.eclipse.m2e.core.internal.Bundles - 	Entry: C:\Users\dac.STUDENTSDC\eclipse-jee-2022-06-R-win32-x86_64 (1)\eclipse\plugins\com.google.guava.failureaccess_1.0.2.jar
2024-12-31 14:39:55,124 [Worker-36: Launching mavenrun-6c70771d-c59a-4c31-bfae-d5bedfbc7c4d] INFO  o.e.m.i.launch.MavenLaunchDelegate - Run build in "C:\Users\DAC~1.STU\AppData\Local\Temp\m2e-archetypeGenerator16392256877807172742":
2024-12-31 14:39:55,132 [Worker-36: Launching mavenrun-6c70771d-c59a-4c31-bfae-d5bedfbc7c4d] INFO  o.e.m.i.launch.MavenLaunchDelegate -  mvn  -DarchetypeGroupId=org.apache.maven.archetypes -DarchetypeArtifactId=maven-archetype-quickstart -DarchetypeVersion=1.1 -DgroupId=fi -DartifactId=firstbeamApp -Dversion=0.0.1-SNAPSHOT -Dpackage=fi.firstbeamApp -DoutputDirectory=C:\Users\dac.STUDENTSDC\Desktop\Tejas\J2EE -B -Dstyle.color=always -U archetype:generate
2024-12-31 14:40:15,419 [Worker-35: Creating maven-archetype-quickstart] INFO  o.e.m.c.i.p.ProjectConfigurationManager - Collecting project info '/pom.xml' C:\Users\dac.STUDENTSDC\Desktop\Tejas\J2EE\firstbeamApp\pom.xml
2024-12-31 14:40:16,231 [Worker-35: Creating maven-archetype-quickstart] INFO  o.e.m.c.i.l.LifecycleMappingFactory - Using org.eclipse.m2e.jdt.JarLifecycleMapping lifecycle mapping for MavenProject: fi:firstbeamApp:0.0.1-SNAPSHOT @ C:\Users\dac.STUDENTSDC\Desktop\Tejas\J2EE\firstbeamApp\pom.xml.
2024-12-31 14:40:17,177 [Worker-35: Creating maven-archetype-quickstart] INFO  o.e.m.j.i.AbstractJavaProjectConfigurator - Adding source folder /firstbeamApp/src/main/java
2024-12-31 14:40:17,181 [Worker-35: Creating maven-archetype-quickstart] INFO  o.e.m.j.i.AbstractJavaProjectConfigurator - Adding resource folder /firstbeamApp/src/main/resources
2024-12-31 14:40:17,184 [Worker-35: Creating maven-archetype-quickstart] INFO  o.e.m.j.i.AbstractJavaProjectConfigurator - Adding source folder /firstbeamApp/src/test/java
2024-12-31 14:40:17,185 [Worker-35: Creating maven-archetype-quickstart] INFO  o.e.m.j.i.AbstractJavaProjectConfigurator - Adding resource folder /firstbeamApp/src/test/resources
2024-12-31 14:40:17,367 [Worker-35: Creating maven-archetype-quickstart] INFO  o.e.m.c.i.p.ProjectConfigurationManager - Imported and configured 1 project(s) in 1 sec
2024-12-31 14:40:18,341 [Worker-36: Building] INFO  o.a.m.s.f.DefaultMavenResourcesFiltering - skip non existing resourceDirectory C:\Users\dac.STUDENTSDC\Desktop\Tejas\J2EE\firstbeamApp\src\main\resources
2024-12-31 14:40:18,346 [Worker-36: Building] INFO  o.a.m.s.f.DefaultMavenResourcesFiltering - skip non existing resourceDirectory C:\Users\dac.STUDENTSDC\Desktop\Tejas\J2EE\firstbeamApp\src\test\resources
2024-12-31 15:12:40,330 [Worker-42: Building] INFO  o.e.m.c.i.l.LifecycleMappingFactory - Using org.eclipse.m2e.jdt.JarLifecycleMapping lifecycle mapping for MavenProject: fi:firstbeamApp:0.0.1-SNAPSHOT @ C:\Users\dac.STUDENTSDC\Desktop\Tejas\J2EE\firstbeamApp\pom.xml.
2024-12-31 15:12:41,268 [Worker-42: Building] INFO  o.a.m.s.f.DefaultMavenResourcesFiltering - skip non existing resourceDirectory C:\Users\dac.STUDENTSDC\Desktop\Tejas\J2EE\firstbeamApp\src\main\resources
2024-12-31 15:12:41,287 [Worker-42: Building] INFO  o.a.m.s.f.DefaultMavenResourcesFiltering - skip non existing resourceDirectory C:\Users\dac.STUDENTSDC\Desktop\Tejas\J2EE\firstbeamApp\src\test\resources
2024-12-31 15:12:44,526 [Worker-44: Building] INFO  o.a.m.s.f.DefaultMavenResourcesFiltering - skip non existing resourceDirectory C:\Users\dac.STUDENTSDC\Desktop\Tejas\J2EE\firstbeamApp\src\main\resources
2024-12-31 15:12:44,540 [Worker-44: Building] INFO  o.a.m.s.f.DefaultMavenResourcesFiltering - skip non existing resourceDirectory C:\Users\dac.STUDENTSDC\Desktop\Tejas\J2EE\firstbeamApp\src\test\resources
2024-12-31 15:13:53,690 [Worker-44: Building] INFO  o.e.m.c.i.l.LifecycleMappingFactory - Using org.eclipse.m2e.jdt.JarLifecycleMapping lifecycle mapping for MavenProject: fi:firstbeamApp:0.0.1-SNAPSHOT @ C:\Users\dac.STUDENTSDC\Desktop\Tejas\J2EE\firstbeamApp\pom.xml.
2024-12-31 15:13:54,136 [Worker-44: Building] INFO  o.a.m.s.f.DefaultMavenResourcesFiltering - skip non existing resourceDirectory C:\Users\dac.STUDENTSDC\Desktop\Tejas\J2EE\firstbeamApp\src\main\resources
2024-12-31 15:13:54,148 [Worker-44: Building] INFO  o.a.m.s.f.DefaultMavenResourcesFiltering - skip non existing resourceDirectory C:\Users\dac.STUDENTSDC\Desktop\Tejas\J2EE\firstbeamApp\src\test\resources
2024-12-31 15:13:58,461 [Worker-43: Building] INFO  o.a.m.s.f.DefaultMavenResourcesFiltering - skip non existing resourceDirectory C:\Users\dac.STUDENTSDC\Desktop\Tejas\J2EE\firstbeamApp\src\main\resources
2024-12-31 15:13:58,467 [Worker-43: Building] INFO  o.a.m.s.f.DefaultMavenResourcesFiltering - skip non existing resourceDirectory C:\Users\dac.STUDENTSDC\Desktop\Tejas\J2EE\firstbeamApp\src\test\resources
