2024-12-31 15:25:28,249 [Worker-2: Loading available Gradle versions] INFO  o.e.b.c.i.u.g.PublishedGradleVersions - Gradle version information cache is not available. Remote download required.
2024-12-31 15:27:48,451 [Worker-32: Launching mavenrun-723cd42d-d39f-4ed3-844c-48774ea2c2fc] INFO  o.eclipse.m2e.core.internal.Bundles - getClasspathEntries(Bundle=org.eclipse.m2e.maven.runtime_3.9.900.20240824-1409 [1500])
2024-12-31 15:27:48,459 [Worker-32: Launching mavenrun-723cd42d-d39f-4ed3-844c-48774ea2c2fc] INFO  o.eclipse.m2e.core.internal.Bundles - 	Entry: C:\Users\dac.STUDENTSDC\eclipse-jee-2022-06-R-win32-x86_64 (1)\eclipse\plugins\org.eclipse.m2e.maven.runtime_3.9.900.20240824-1409
2024-12-31 15:27:48,460 [Worker-32: Launching mavenrun-723cd42d-d39f-4ed3-844c-48774ea2c2fc] INFO  o.eclipse.m2e.core.internal.Bundles - 	Entry: C:\Users\dac.STUDENTSDC\eclipse-jee-2022-06-R-win32-x86_64 (1)\eclipse\plugins\org.eclipse.m2e.maven.runtime_3.9.900.20240824-1409\jars\aopalliance-1.0.jar
2024-12-31 15:27:48,463 [Worker-32: Launching mavenrun-723cd42d-d39f-4ed3-844c-48774ea2c2fc] INFO  o.eclipse.m2e.core.internal.Bundles - 	Entry: C:\Users\dac.STUDENTSDC\eclipse-jee-2022-06-R-win32-x86_64 (1)\eclipse\plugins\org.eclipse.m2e.maven.runtime_3.9.900.20240824-1409\jars\guice-5.1.0.jar
2024-12-31 15:27:48,464 [Worker-32: Launching mavenrun-723cd42d-d39f-4ed3-844c-48774ea2c2fc] INFO  o.eclipse.m2e.core.internal.Bundles - 	Entry: C:\Users\dac.STUDENTSDC\eclipse-jee-2022-06-R-win32-x86_64 (1)\eclipse\plugins\org.eclipse.m2e.maven.runtime_3.9.900.20240824-1409\jars\httpclient-4.5.14.jar
2024-12-31 15:27:48,465 [Worker-32: Launching mavenrun-723cd42d-d39f-4ed3-844c-48774ea2c2fc] INFO  o.eclipse.m2e.core.internal.Bundles - 	Entry: C:\Users\dac.STUDENTSDC\eclipse-jee-2022-06-R-win32-x86_64 (1)\eclipse\plugins\org.eclipse.m2e.maven.runtime_3.9.900.20240824-1409\jars\httpcore-4.4.16.jar
2024-12-31 15:27:48,465 [Worker-32: Launching mavenrun-723cd42d-d39f-4ed3-844c-48774ea2c2fc] INFO  o.eclipse.m2e.core.internal.Bundles - 	Entry: C:\Users\dac.STUDENTSDC\eclipse-jee-2022-06-R-win32-x86_64 (1)\eclipse\plugins\org.eclipse.m2e.maven.runtime_3.9.900.20240824-1409\jars\jansi-2.4.1.jar
2024-12-31 15:27:48,465 [Worker-32: Launching mavenrun-723cd42d-d39f-4ed3-844c-48774ea2c2fc] INFO  o.eclipse.m2e.core.internal.Bundles - 	Entry: C:\Users\dac.STUDENTSDC\eclipse-jee-2022-06-R-win32-x86_64 (1)\eclipse\plugins\org.eclipse.m2e.maven.runtime_3.9.900.20240824-1409\jars\jcl-over-slf4j-1.7.36.jar
2024-12-31 15:27:48,466 [Worker-32: Launching mavenrun-723cd42d-d39f-4ed3-844c-48774ea2c2fc] INFO  o.eclipse.m2e.core.internal.Bundles - 	Entry: C:\Users\dac.STUDENTSDC\eclipse-jee-2022-06-R-win32-x86_64 (1)\eclipse\plugins\org.eclipse.m2e.maven.runtime_3.9.900.20240824-1409\jars\maven-artifact-3.9.9.jar
2024-12-31 15:27:48,466 [Worker-32: Launching mavenrun-723cd42d-d39f-4ed3-844c-48774ea2c2fc] INFO  o.eclipse.m2e.core.internal.Bundles - 	Entry: C:\Users\dac.STUDENTSDC\eclipse-jee-2022-06-R-win32-x86_64 (1)\eclipse\plugins\org.eclipse.m2e.maven.runtime_3.9.900.20240824-1409\jars\maven-builder-support-3.9.9.jar
2024-12-31 15:27:48,466 [Worker-32: Launching mavenrun-723cd42d-d39f-4ed3-844c-48774ea2c2fc] INFO  o.eclipse.m2e.core.internal.Bundles - 	Entry: C:\Users\dac.STUDENTSDC\eclipse-jee-2022-06-R-win32-x86_64 (1)\eclipse\plugins\org.eclipse.m2e.maven.runtime_3.9.900.20240824-1409\jars\maven-compat-3.9.9.jar
2024-12-31 15:27:48,467 [Worker-32: Launching mavenrun-723cd42d-d39f-4ed3-844c-48774ea2c2fc] INFO  o.eclipse.m2e.core.internal.Bundles - 	Entry: C:\Users\dac.STUDENTSDC\eclipse-jee-2022-06-R-win32-x86_64 (1)\eclipse\plugins\org.eclipse.m2e.maven.runtime_3.9.900.20240824-1409\jars\maven-core-3.9.9.jar
2024-12-31 15:27:48,467 [Worker-32: Launching mavenrun-723cd42d-d39f-4ed3-844c-48774ea2c2fc] INFO  o.eclipse.m2e.core.internal.Bundles - 	Entry: C:\Users\dac.STUDENTSDC\eclipse-jee-2022-06-R-win32-x86_64 (1)\eclipse\plugins\org.eclipse.m2e.maven.runtime_3.9.900.20240824-1409\jars\maven-embedder-3.9.9.jar
2024-12-31 15:27:48,467 [Worker-32: Launching mavenrun-723cd42d-d39f-4ed3-844c-48774ea2c2fc] INFO  o.eclipse.m2e.core.internal.Bundles - 	Entry: C:\Users\dac.STUDENTSDC\eclipse-jee-2022-06-R-win32-x86_64 (1)\eclipse\plugins\org.eclipse.m2e.maven.runtime_3.9.900.20240824-1409\jars\maven-model-3.9.9.jar
2024-12-31 15:27:48,468 [Worker-32: Launching mavenrun-723cd42d-d39f-4ed3-844c-48774ea2c2fc] INFO  o.eclipse.m2e.core.internal.Bundles - 	Entry: C:\Users\dac.STUDENTSDC\eclipse-jee-2022-06-R-win32-x86_64 (1)\eclipse\plugins\org.eclipse.m2e.maven.runtime_3.9.900.20240824-1409\jars\maven-model-builder-3.9.9.jar
2024-12-31 15:27:48,468 [Worker-32: Launching mavenrun-723cd42d-d39f-4ed3-844c-48774ea2c2fc] INFO  o.eclipse.m2e.core.internal.Bundles - 	Entry: C:\Users\dac.STUDENTSDC\eclipse-jee-2022-06-R-win32-x86_64 (1)\eclipse\plugins\org.eclipse.m2e.maven.runtime_3.9.900.20240824-1409\jars\maven-plugin-api-3.9.9.jar
2024-12-31 15:27:48,468 [Worker-32: Launching mavenrun-723cd42d-d39f-4ed3-844c-48774ea2c2fc] INFO  o.eclipse.m2e.core.internal.Bundles - 	Entry: C:\Users\dac.STUDENTSDC\eclipse-jee-2022-06-R-win32-x86_64 (1)\eclipse\plugins\org.eclipse.m2e.maven.runtime_3.9.900.20240824-1409\jars\maven-repository-metadata-3.9.9.jar
2024-12-31 15:27:48,468 [Worker-32: Launching mavenrun-723cd42d-d39f-4ed3-844c-48774ea2c2fc] INFO  o.eclipse.m2e.core.internal.Bundles - 	Entry: C:\Users\dac.STUDENTSDC\eclipse-jee-2022-06-R-win32-x86_64 (1)\eclipse\plugins\org.eclipse.m2e.maven.runtime_3.9.900.20240824-1409\jars\maven-resolver-api-1.9.22.jar
2024-12-31 15:27:48,469 [Worker-32: Launching mavenrun-723cd42d-d39f-4ed3-844c-48774ea2c2fc] INFO  o.eclipse.m2e.core.internal.Bundles - 	Entry: C:\Users\dac.STUDENTSDC\eclipse-jee-2022-06-R-win32-x86_64 (1)\eclipse\plugins\org.eclipse.m2e.maven.runtime_3.9.900.20240824-1409\jars\maven-resolver-connector-basic-1.9.22.jar
2024-12-31 15:27:48,469 [Worker-32: Launching mavenrun-723cd42d-d39f-4ed3-844c-48774ea2c2fc] INFO  o.eclipse.m2e.core.internal.Bundles - 	Entry: C:\Users\dac.STUDENTSDC\eclipse-jee-2022-06-R-win32-x86_64 (1)\eclipse\plugins\org.eclipse.m2e.maven.runtime_3.9.900.20240824-1409\jars\maven-resolver-impl-1.9.22.jar
2024-12-31 15:27:48,469 [Worker-32: Launching mavenrun-723cd42d-d39f-4ed3-844c-48774ea2c2fc] INFO  o.eclipse.m2e.core.internal.Bundles - 	Entry: C:\Users\dac.STUDENTSDC\eclipse-jee-2022-06-R-win32-x86_64 (1)\eclipse\plugins\org.eclipse.m2e.maven.runtime_3.9.900.20240824-1409\jars\maven-resolver-named-locks-1.9.22.jar
2024-12-31 15:27:48,469 [Worker-32: Launching mavenrun-723cd42d-d39f-4ed3-844c-48774ea2c2fc] INFO  o.eclipse.m2e.core.internal.Bundles - 	Entry: C:\Users\dac.STUDENTSDC\eclipse-jee-2022-06-R-win32-x86_64 (1)\eclipse\plugins\org.eclipse.m2e.maven.runtime_3.9.900.20240824-1409\jars\maven-resolver-provider-3.9.9.jar
2024-12-31 15:27:48,470 [Worker-32: Launching mavenrun-723cd42d-d39f-4ed3-844c-48774ea2c2fc] INFO  o.eclipse.m2e.core.internal.Bundles - 	Entry: C:\Users\dac.STUDENTSDC\eclipse-jee-2022-06-R-win32-x86_64 (1)\eclipse\plugins\org.eclipse.m2e.maven.runtime_3.9.900.20240824-1409\jars\maven-resolver-spi-1.9.22.jar
2024-12-31 15:27:48,470 [Worker-32: Launching mavenrun-723cd42d-d39f-4ed3-844c-48774ea2c2fc] INFO  o.eclipse.m2e.core.internal.Bundles - 	Entry: C:\Users\dac.STUDENTSDC\eclipse-jee-2022-06-R-win32-x86_64 (1)\eclipse\plugins\org.eclipse.m2e.maven.runtime_3.9.900.20240824-1409\jars\maven-resolver-transport-file-1.9.22.jar
2024-12-31 15:27:48,470 [Worker-32: Launching mavenrun-723cd42d-d39f-4ed3-844c-48774ea2c2fc] INFO  o.eclipse.m2e.core.internal.Bundles - 	Entry: C:\Users\dac.STUDENTSDC\eclipse-jee-2022-06-R-win32-x86_64 (1)\eclipse\plugins\org.eclipse.m2e.maven.runtime_3.9.900.20240824-1409\jars\maven-resolver-transport-http-1.9.22.jar
2024-12-31 15:27:48,470 [Worker-32: Launching mavenrun-723cd42d-d39f-4ed3-844c-48774ea2c2fc] INFO  o.eclipse.m2e.core.internal.Bundles - 	Entry: C:\Users\dac.STUDENTSDC\eclipse-jee-2022-06-R-win32-x86_64 (1)\eclipse\plugins\org.eclipse.m2e.maven.runtime_3.9.900.20240824-1409\jars\maven-resolver-transport-wagon-1.9.22.jar
2024-12-31 15:27:48,470 [Worker-32: Launching mavenrun-723cd42d-d39f-4ed3-844c-48774ea2c2fc] INFO  o.eclipse.m2e.core.internal.Bundles - 	Entry: C:\Users\dac.STUDENTSDC\eclipse-jee-2022-06-R-win32-x86_64 (1)\eclipse\plugins\org.eclipse.m2e.maven.runtime_3.9.900.20240824-1409\jars\maven-resolver-util-1.9.22.jar
2024-12-31 15:27:48,471 [Worker-32: Launching mavenrun-723cd42d-d39f-4ed3-844c-48774ea2c2fc] INFO  o.eclipse.m2e.core.internal.Bundles - 	Entry: C:\Users\dac.STUDENTSDC\eclipse-jee-2022-06-R-win32-x86_64 (1)\eclipse\plugins\org.eclipse.m2e.maven.runtime_3.9.900.20240824-1409\jars\maven-settings-3.9.9.jar
2024-12-31 15:27:48,471 [Worker-32: Launching mavenrun-723cd42d-d39f-4ed3-844c-48774ea2c2fc] INFO  o.eclipse.m2e.core.internal.Bundles - 	Entry: C:\Users\dac.STUDENTSDC\eclipse-jee-2022-06-R-win32-x86_64 (1)\eclipse\plugins\org.eclipse.m2e.maven.runtime_3.9.900.20240824-1409\jars\maven-settings-builder-3.9.9.jar
2024-12-31 15:27:48,471 [Worker-32: Launching mavenrun-723cd42d-d39f-4ed3-844c-48774ea2c2fc] INFO  o.eclipse.m2e.core.internal.Bundles - 	Entry: C:\Users\dac.STUDENTSDC\eclipse-jee-2022-06-R-win32-x86_64 (1)\eclipse\plugins\org.eclipse.m2e.maven.runtime_3.9.900.20240824-1409\jars\maven-shared-utils-3.4.2.jar
2024-12-31 15:27:48,471 [Worker-32: Launching mavenrun-723cd42d-d39f-4ed3-844c-48774ea2c2fc] INFO  o.eclipse.m2e.core.internal.Bundles - 	Entry: C:\Users\dac.STUDENTSDC\eclipse-jee-2022-06-R-win32-x86_64 (1)\eclipse\plugins\org.eclipse.m2e.maven.runtime_3.9.900.20240824-1409\jars\org.eclipse.sisu.inject-0.9.0.M3.jar
2024-12-31 15:27:48,472 [Worker-32: Launching mavenrun-723cd42d-d39f-4ed3-844c-48774ea2c2fc] INFO  o.eclipse.m2e.core.internal.Bundles - 	Entry: C:\Users\dac.STUDENTSDC\eclipse-jee-2022-06-R-win32-x86_64 (1)\eclipse\plugins\org.eclipse.m2e.maven.runtime_3.9.900.20240824-1409\jars\org.eclipse.sisu.plexus-0.9.0.M3.jar
2024-12-31 15:27:48,472 [Worker-32: Launching mavenrun-723cd42d-d39f-4ed3-844c-48774ea2c2fc] INFO  o.eclipse.m2e.core.internal.Bundles - 	Entry: C:\Users\dac.STUDENTSDC\eclipse-jee-2022-06-R-win32-x86_64 (1)\eclipse\plugins\org.eclipse.m2e.maven.runtime_3.9.900.20240824-1409\jars\plexus-build-api-0.0.7.jar
2024-12-31 15:27:48,472 [Worker-32: Launching mavenrun-723cd42d-d39f-4ed3-844c-48774ea2c2fc] INFO  o.eclipse.m2e.core.internal.Bundles - 	Entry: C:\Users\dac.STUDENTSDC\eclipse-jee-2022-06-R-win32-x86_64 (1)\eclipse\plugins\org.eclipse.m2e.maven.runtime_3.9.900.20240824-1409\jars\plexus-build-api-1.2.0.jar
2024-12-31 15:27:48,473 [Worker-32: Launching mavenrun-723cd42d-d39f-4ed3-844c-48774ea2c2fc] INFO  o.eclipse.m2e.core.internal.Bundles - 	Entry: C:\Users\dac.STUDENTSDC\eclipse-jee-2022-06-R-win32-x86_64 (1)\eclipse\plugins\org.eclipse.m2e.maven.runtime_3.9.900.20240824-1409\jars\plexus-cipher-2.0.jar
2024-12-31 15:27:48,473 [Worker-32: Launching mavenrun-723cd42d-d39f-4ed3-844c-48774ea2c2fc] INFO  o.eclipse.m2e.core.internal.Bundles - 	Entry: C:\Users\dac.STUDENTSDC\eclipse-jee-2022-06-R-win32-x86_64 (1)\eclipse\plugins\org.eclipse.m2e.maven.runtime_3.9.900.20240824-1409\jars\plexus-classworlds-2.8.0.jar
2024-12-31 15:27:48,473 [Worker-32: Launching mavenrun-723cd42d-d39f-4ed3-844c-48774ea2c2fc] INFO  o.eclipse.m2e.core.internal.Bundles - 	Entry: C:\Users\dac.STUDENTSDC\eclipse-jee-2022-06-R-win32-x86_64 (1)\eclipse\plugins\org.eclipse.m2e.maven.runtime_3.9.900.20240824-1409\jars\plexus-component-annotations-2.1.0.jar
2024-12-31 15:27:48,474 [Worker-32: Launching mavenrun-723cd42d-d39f-4ed3-844c-48774ea2c2fc] INFO  o.eclipse.m2e.core.internal.Bundles - 	Entry: C:\Users\dac.STUDENTSDC\eclipse-jee-2022-06-R-win32-x86_64 (1)\eclipse\plugins\org.eclipse.m2e.maven.runtime_3.9.900.20240824-1409\jars\plexus-interpolation-1.27.jar
2024-12-31 15:27:48,474 [Worker-32: Launching mavenrun-723cd42d-d39f-4ed3-844c-48774ea2c2fc] INFO  o.eclipse.m2e.core.internal.Bundles - 	Entry: C:\Users\dac.STUDENTSDC\eclipse-jee-2022-06-R-win32-x86_64 (1)\eclipse\plugins\org.eclipse.m2e.maven.runtime_3.9.900.20240824-1409\jars\plexus-sec-dispatcher-2.0.jar
2024-12-31 15:27:48,474 [Worker-32: Launching mavenrun-723cd42d-d39f-4ed3-844c-48774ea2c2fc] INFO  o.eclipse.m2e.core.internal.Bundles - 	Entry: C:\Users\dac.STUDENTSDC\eclipse-jee-2022-06-R-win32-x86_64 (1)\eclipse\plugins\org.eclipse.m2e.maven.runtime_3.9.900.20240824-1409\jars\plexus-utils-3.5.1.jar
2024-12-31 15:27:48,474 [Worker-32: Launching mavenrun-723cd42d-d39f-4ed3-844c-48774ea2c2fc] INFO  o.eclipse.m2e.core.internal.Bundles - 	Entry: C:\Users\dac.STUDENTSDC\eclipse-jee-2022-06-R-win32-x86_64 (1)\eclipse\plugins\org.eclipse.m2e.maven.runtime_3.9.900.20240824-1409\jars\plexus-xml-3.0.1.jar
2024-12-31 15:27:48,475 [Worker-32: Launching mavenrun-723cd42d-d39f-4ed3-844c-48774ea2c2fc] INFO  o.eclipse.m2e.core.internal.Bundles - 	Entry: C:\Users\dac.STUDENTSDC\eclipse-jee-2022-06-R-win32-x86_64 (1)\eclipse\plugins\org.eclipse.m2e.maven.runtime_3.9.900.20240824-1409\jars\wagon-file-3.5.3.jar
2024-12-31 15:27:48,475 [Worker-32: Launching mavenrun-723cd42d-d39f-4ed3-844c-48774ea2c2fc] INFO  o.eclipse.m2e.core.internal.Bundles - 	Entry: C:\Users\dac.STUDENTSDC\eclipse-jee-2022-06-R-win32-x86_64 (1)\eclipse\plugins\org.eclipse.m2e.maven.runtime_3.9.900.20240824-1409\jars\wagon-http-3.5.3.jar
2024-12-31 15:27:48,475 [Worker-32: Launching mavenrun-723cd42d-d39f-4ed3-844c-48774ea2c2fc] INFO  o.eclipse.m2e.core.internal.Bundles - 	Entry: C:\Users\dac.STUDENTSDC\eclipse-jee-2022-06-R-win32-x86_64 (1)\eclipse\plugins\org.eclipse.m2e.maven.runtime_3.9.900.20240824-1409\jars\wagon-http-shared-3.5.3.jar
2024-12-31 15:27:48,475 [Worker-32: Launching mavenrun-723cd42d-d39f-4ed3-844c-48774ea2c2fc] INFO  o.eclipse.m2e.core.internal.Bundles - 	Entry: C:\Users\dac.STUDENTSDC\eclipse-jee-2022-06-R-win32-x86_64 (1)\eclipse\plugins\org.eclipse.m2e.maven.runtime_3.9.900.20240824-1409\jars\wagon-provider-api-3.5.3.jar
2024-12-31 15:27:48,479 [Worker-32: Launching mavenrun-723cd42d-d39f-4ed3-844c-48774ea2c2fc] INFO  o.eclipse.m2e.core.internal.Bundles - getClasspathEntries(Bundle=com.google.guava_33.3.1.jre [990])
2024-12-31 15:27:48,480 [Worker-32: Launching mavenrun-723cd42d-d39f-4ed3-844c-48774ea2c2fc] INFO  o.eclipse.m2e.core.internal.Bundles - 	Entry: C:\Users\dac.STUDENTSDC\eclipse-jee-2022-06-R-win32-x86_64 (1)\eclipse\plugins\com.google.guava_33.3.1.jre.jar
2024-12-31 15:27:48,480 [Worker-32: Launching mavenrun-723cd42d-d39f-4ed3-844c-48774ea2c2fc] INFO  o.eclipse.m2e.core.internal.Bundles - getClasspathEntries(Bundle=slf4j.api_2.0.16 [1745])
2024-12-31 15:27:48,481 [Worker-32: Launching mavenrun-723cd42d-d39f-4ed3-844c-48774ea2c2fc] INFO  o.eclipse.m2e.core.internal.Bundles - 	Entry: C:\Users\dac.STUDENTSDC\eclipse-jee-2022-06-R-win32-x86_64 (1)\eclipse\plugins\slf4j.api_2.0.16.jar
2024-12-31 15:27:48,481 [Worker-32: Launching mavenrun-723cd42d-d39f-4ed3-844c-48774ea2c2fc] INFO  o.eclipse.m2e.core.internal.Bundles - getClasspathEntries(Bundle=javax.inject_1.0.0.v20220405-0441 [30])
2024-12-31 15:27:48,482 [Worker-32: Launching mavenrun-723cd42d-d39f-4ed3-844c-48774ea2c2fc] INFO  o.eclipse.m2e.core.internal.Bundles - 	Entry: C:\Users\dac.STUDENTSDC\eclipse-jee-2022-06-R-win32-x86_64 (1)\eclipse\plugins\javax.inject_1.0.0.v20220405-0441.jar
2024-12-31 15:27:48,483 [Worker-32: Launching mavenrun-723cd42d-d39f-4ed3-844c-48774ea2c2fc] INFO  o.eclipse.m2e.core.internal.Bundles - getClasspathEntries(Bundle=javax.annotation_1.3.5.v20230504-0748 [1003])
2024-12-31 15:27:48,484 [Worker-32: Launching mavenrun-723cd42d-d39f-4ed3-844c-48774ea2c2fc] INFO  o.eclipse.m2e.core.internal.Bundles - 	Entry: C:\Users\dac.STUDENTSDC\eclipse-jee-2022-06-R-win32-x86_64 (1)\eclipse\plugins\javax.annotation_1.3.5.v20230504-0748.jar
2024-12-31 15:27:48,484 [Worker-32: Launching mavenrun-723cd42d-d39f-4ed3-844c-48774ea2c2fc] INFO  o.eclipse.m2e.core.internal.Bundles - getClasspathEntries(Bundle=org.apache.commons.cli_1.9.0 [1026])
2024-12-31 15:27:48,485 [Worker-32: Launching mavenrun-723cd42d-d39f-4ed3-844c-48774ea2c2fc] INFO  o.eclipse.m2e.core.internal.Bundles - 	Entry: C:\Users\dac.STUDENTSDC\eclipse-jee-2022-06-R-win32-x86_64 (1)\eclipse\plugins\org.apache.commons.cli_1.9.0.jar
2024-12-31 15:27:48,486 [Worker-32: Launching mavenrun-723cd42d-d39f-4ed3-844c-48774ea2c2fc] INFO  o.eclipse.m2e.core.internal.Bundles - getClasspathEntries(Bundle=org.apache.commons.commons-codec_1.16.0 [906])
2024-12-31 15:27:48,487 [Worker-32: Launching mavenrun-723cd42d-d39f-4ed3-844c-48774ea2c2fc] INFO  o.eclipse.m2e.core.internal.Bundles - 	Entry: C:\Users\dac.STUDENTSDC\eclipse-jee-2022-06-R-win32-x86_64 (1)\eclipse\plugins\org.apache.commons.commons-codec_1.16.0.jar
2024-12-31 15:27:48,488 [Worker-32: Launching mavenrun-723cd42d-d39f-4ed3-844c-48774ea2c2fc] INFO  o.eclipse.m2e.core.internal.Bundles - getClasspathEntries(Bundle=com.google.guava.failureaccess_1.0.2 [991])
2024-12-31 15:27:48,489 [Worker-32: Launching mavenrun-723cd42d-d39f-4ed3-844c-48774ea2c2fc] INFO  o.eclipse.m2e.core.internal.Bundles - 	Entry: C:\Users\dac.STUDENTSDC\eclipse-jee-2022-06-R-win32-x86_64 (1)\eclipse\plugins\com.google.guava.failureaccess_1.0.2.jar
2024-12-31 15:27:48,498 [Worker-32: Launching mavenrun-723cd42d-d39f-4ed3-844c-48774ea2c2fc] INFO  o.e.m.i.launch.MavenLaunchDelegate - Run build in "C:\Users\DAC~1.STU\AppData\Local\Temp\m2e-archetypeGenerator1271607718741784584":
2024-12-31 15:27:48,509 [Worker-32: Launching mavenrun-723cd42d-d39f-4ed3-844c-48774ea2c2fc] INFO  o.e.m.i.launch.MavenLaunchDelegate -  mvn  -DarchetypeGroupId=org.apache.maven.archetypes -DarchetypeArtifactId=maven-archetype-webapp -DarchetypeVersion=1.0 -DgroupId=fi -DartifactId=secoundspringapp -Dversion=0.0.1-SNAPSHOT -Dpackage=fi.secoundspringapp -DoutputDirectory=C:\Users\dac.STUDENTSDC\Desktop\Tejas\J2EE\Day8 -B -Dstyle.color=always -U archetype:generate
2024-12-31 15:27:57,052 [Worker-34: Creating maven-archetype-webapp] INFO  o.e.m.c.i.p.ProjectConfigurationManager - Collecting project info '/pom.xml' C:\Users\dac.STUDENTSDC\Desktop\Tejas\J2EE\Day8\secoundspringapp\pom.xml
2024-12-31 15:27:57,983 [Worker-34: Creating maven-archetype-webapp] INFO  o.e.m.c.i.l.LifecycleMappingFactory - Using org.maven.ide.eclipse.wtp.WarLifecycleMapping lifecycle mapping for MavenProject: fi:secoundspringapp:0.0.1-SNAPSHOT @ C:\Users\dac.STUDENTSDC\Desktop\Tejas\J2EE\Day8\secoundspringapp\pom.xml.
2024-12-31 15:27:59,337 [Worker-34: Creating maven-archetype-webapp] INFO  o.e.m.j.i.AbstractJavaProjectConfigurator - Adding source folder /secoundspringapp/src/main/java
2024-12-31 15:27:59,341 [Worker-34: Creating maven-archetype-webapp] INFO  o.e.m.j.i.AbstractJavaProjectConfigurator - Adding resource folder /secoundspringapp/src/main/resources
2024-12-31 15:27:59,343 [Worker-34: Creating maven-archetype-webapp] INFO  o.e.m.j.i.AbstractJavaProjectConfigurator - Adding source folder /secoundspringapp/src/test/java
2024-12-31 15:27:59,344 [Worker-34: Creating maven-archetype-webapp] INFO  o.e.m.j.i.AbstractJavaProjectConfigurator - Adding resource folder /secoundspringapp/src/test/resources
2024-12-31 15:28:04,841 [Worker-34: Creating maven-archetype-webapp] INFO  o.e.m.c.i.p.ProjectConfigurationManager - Imported and configured 1 project(s) in 7 sec
2024-12-31 15:28:07,544 [Worker-34: Building] WARN  o.a.m.s.f.DefaultMavenResourcesFiltering - Using platform encoding (UTF-8 actually) to copy filtered resources, i.e. build is platform dependent!
2024-12-31 15:28:07,599 [Worker-34: Building] INFO  o.a.m.s.f.DefaultMavenResourcesFiltering - Copying 0 resource from src\main\resources to target\classes
2024-12-31 15:28:07,640 [Worker-34: Building] WARN  o.a.m.s.f.DefaultMavenResourcesFiltering - Using platform encoding (UTF-8 actually) to copy filtered resources, i.e. build is platform dependent!
2024-12-31 15:28:07,651 [Worker-34: Building] INFO  o.a.m.s.f.DefaultMavenResourcesFiltering - skip non existing resourceDirectory C:\Users\dac.STUDENTSDC\Desktop\Tejas\J2EE\Day8\secoundspringapp\src\test\resources
2024-12-31 15:30:10,410 [Worker-9: Building] WARN  o.a.m.s.f.DefaultMavenResourcesFiltering - Using platform encoding (UTF-8 actually) to copy filtered resources, i.e. build is platform dependent!
2024-12-31 15:30:10,421 [Worker-9: Building] INFO  o.a.m.s.f.DefaultMavenResourcesFiltering - Copying 0 resource from src\main\resources to target\classes
2024-12-31 15:30:10,433 [Worker-9: Building] WARN  o.a.m.s.f.DefaultMavenResourcesFiltering - Using platform encoding (UTF-8 actually) to copy filtered resources, i.e. build is platform dependent!
2024-12-31 15:30:10,435 [Worker-9: Building] INFO  o.a.m.s.f.DefaultMavenResourcesFiltering - skip non existing resourceDirectory C:\Users\dac.STUDENTSDC\Desktop\Tejas\J2EE\Day8\secoundspringapp\src\test\resources
2024-12-31 15:32:39,317 [Worker-40: Building] WARN  o.a.m.s.f.DefaultMavenResourcesFiltering - Using platform encoding (UTF-8 actually) to copy filtered resources, i.e. build is platform dependent!
2024-12-31 15:32:39,402 [Worker-40: Building] INFO  o.a.m.s.f.DefaultMavenResourcesFiltering - Copying 0 resource from src\main\resources to target\classes
2024-12-31 15:32:39,428 [Worker-40: Building] WARN  o.a.m.s.f.DefaultMavenResourcesFiltering - Using platform encoding (UTF-8 actually) to copy filtered resources, i.e. build is platform dependent!
2024-12-31 15:32:39,435 [Worker-40: Building] INFO  o.a.m.s.f.DefaultMavenResourcesFiltering - skip non existing resourceDirectory C:\Users\dac.STUDENTSDC\Desktop\Tejas\J2EE\Day8\secoundspringapp\src\test\resources
2024-12-31 15:33:46,789 [Worker-32: Building] WARN  o.a.m.s.f.DefaultMavenResourcesFiltering - Using platform encoding (UTF-8 actually) to copy filtered resources, i.e. build is platform dependent!
2024-12-31 15:33:46,797 [Worker-32: Building] INFO  o.a.m.s.f.DefaultMavenResourcesFiltering - Copying 0 resource from src\main\resources to target\classes
2024-12-31 15:33:46,807 [Worker-32: Building] WARN  o.a.m.s.f.DefaultMavenResourcesFiltering - Using platform encoding (UTF-8 actually) to copy filtered resources, i.e. build is platform dependent!
2024-12-31 15:33:46,809 [Worker-32: Building] INFO  o.a.m.s.f.DefaultMavenResourcesFiltering - skip non existing resourceDirectory C:\Users\dac.STUDENTSDC\Desktop\Tejas\J2EE\Day8\secoundspringapp\src\test\resources
2024-12-31 16:49:30,120 [Worker-4: Loading available Gradle versions] INFO  o.e.b.c.i.u.g.PublishedGradleVersions - Gradle version information cache is up-to-date. Trying to read.
2024-12-31 16:49:56,872 [Worker-28: Launching mavenrun-bc1860eb-53d1-4571-8150-9081142e2ef2] INFO  o.eclipse.m2e.core.internal.Bundles - getClasspathEntries(Bundle=org.eclipse.m2e.maven.runtime_3.9.900.20240824-1409 [1500])
2024-12-31 16:49:56,876 [Worker-28: Launching mavenrun-bc1860eb-53d1-4571-8150-9081142e2ef2] INFO  o.eclipse.m2e.core.internal.Bundles - 	Entry: C:\Users\dac.STUDENTSDC\eclipse-jee-2022-06-R-win32-x86_64 (1)\eclipse\plugins\org.eclipse.m2e.maven.runtime_3.9.900.20240824-1409
2024-12-31 16:49:56,877 [Worker-28: Launching mavenrun-bc1860eb-53d1-4571-8150-9081142e2ef2] INFO  o.eclipse.m2e.core.internal.Bundles - 	Entry: C:\Users\dac.STUDENTSDC\eclipse-jee-2022-06-R-win32-x86_64 (1)\eclipse\plugins\org.eclipse.m2e.maven.runtime_3.9.900.20240824-1409\jars\aopalliance-1.0.jar
2024-12-31 16:49:56,877 [Worker-28: Launching mavenrun-bc1860eb-53d1-4571-8150-9081142e2ef2] INFO  o.eclipse.m2e.core.internal.Bundles - 	Entry: C:\Users\dac.STUDENTSDC\eclipse-jee-2022-06-R-win32-x86_64 (1)\eclipse\plugins\org.eclipse.m2e.maven.runtime_3.9.900.20240824-1409\jars\guice-5.1.0.jar
2024-12-31 16:49:56,877 [Worker-28: Launching mavenrun-bc1860eb-53d1-4571-8150-9081142e2ef2] INFO  o.eclipse.m2e.core.internal.Bundles - 	Entry: C:\Users\dac.STUDENTSDC\eclipse-jee-2022-06-R-win32-x86_64 (1)\eclipse\plugins\org.eclipse.m2e.maven.runtime_3.9.900.20240824-1409\jars\httpclient-4.5.14.jar
2024-12-31 16:49:56,877 [Worker-28: Launching mavenrun-bc1860eb-53d1-4571-8150-9081142e2ef2] INFO  o.eclipse.m2e.core.internal.Bundles - 	Entry: C:\Users\dac.STUDENTSDC\eclipse-jee-2022-06-R-win32-x86_64 (1)\eclipse\plugins\org.eclipse.m2e.maven.runtime_3.9.900.20240824-1409\jars\httpcore-4.4.16.jar
2024-12-31 16:49:56,877 [Worker-28: Launching mavenrun-bc1860eb-53d1-4571-8150-9081142e2ef2] INFO  o.eclipse.m2e.core.internal.Bundles - 	Entry: C:\Users\dac.STUDENTSDC\eclipse-jee-2022-06-R-win32-x86_64 (1)\eclipse\plugins\org.eclipse.m2e.maven.runtime_3.9.900.20240824-1409\jars\jansi-2.4.1.jar
2024-12-31 16:49:56,878 [Worker-28: Launching mavenrun-bc1860eb-53d1-4571-8150-9081142e2ef2] INFO  o.eclipse.m2e.core.internal.Bundles - 	Entry: C:\Users\dac.STUDENTSDC\eclipse-jee-2022-06-R-win32-x86_64 (1)\eclipse\plugins\org.eclipse.m2e.maven.runtime_3.9.900.20240824-1409\jars\jcl-over-slf4j-1.7.36.jar
2024-12-31 16:49:56,878 [Worker-28: Launching mavenrun-bc1860eb-53d1-4571-8150-9081142e2ef2] INFO  o.eclipse.m2e.core.internal.Bundles - 	Entry: C:\Users\dac.STUDENTSDC\eclipse-jee-2022-06-R-win32-x86_64 (1)\eclipse\plugins\org.eclipse.m2e.maven.runtime_3.9.900.20240824-1409\jars\maven-artifact-3.9.9.jar
2024-12-31 16:49:56,878 [Worker-28: Launching mavenrun-bc1860eb-53d1-4571-8150-9081142e2ef2] INFO  o.eclipse.m2e.core.internal.Bundles - 	Entry: C:\Users\dac.STUDENTSDC\eclipse-jee-2022-06-R-win32-x86_64 (1)\eclipse\plugins\org.eclipse.m2e.maven.runtime_3.9.900.20240824-1409\jars\maven-builder-support-3.9.9.jar
2024-12-31 16:49:56,878 [Worker-28: Launching mavenrun-bc1860eb-53d1-4571-8150-9081142e2ef2] INFO  o.eclipse.m2e.core.internal.Bundles - 	Entry: C:\Users\dac.STUDENTSDC\eclipse-jee-2022-06-R-win32-x86_64 (1)\eclipse\plugins\org.eclipse.m2e.maven.runtime_3.9.900.20240824-1409\jars\maven-compat-3.9.9.jar
2024-12-31 16:49:56,878 [Worker-28: Launching mavenrun-bc1860eb-53d1-4571-8150-9081142e2ef2] INFO  o.eclipse.m2e.core.internal.Bundles - 	Entry: C:\Users\dac.STUDENTSDC\eclipse-jee-2022-06-R-win32-x86_64 (1)\eclipse\plugins\org.eclipse.m2e.maven.runtime_3.9.900.20240824-1409\jars\maven-core-3.9.9.jar
2024-12-31 16:49:56,879 [Worker-28: Launching mavenrun-bc1860eb-53d1-4571-8150-9081142e2ef2] INFO  o.eclipse.m2e.core.internal.Bundles - 	Entry: C:\Users\dac.STUDENTSDC\eclipse-jee-2022-06-R-win32-x86_64 (1)\eclipse\plugins\org.eclipse.m2e.maven.runtime_3.9.900.20240824-1409\jars\maven-embedder-3.9.9.jar
2024-12-31 16:49:56,880 [Worker-28: Launching mavenrun-bc1860eb-53d1-4571-8150-9081142e2ef2] INFO  o.eclipse.m2e.core.internal.Bundles - 	Entry: C:\Users\dac.STUDENTSDC\eclipse-jee-2022-06-R-win32-x86_64 (1)\eclipse\plugins\org.eclipse.m2e.maven.runtime_3.9.900.20240824-1409\jars\maven-model-3.9.9.jar
2024-12-31 16:49:56,882 [Worker-28: Launching mavenrun-bc1860eb-53d1-4571-8150-9081142e2ef2] INFO  o.eclipse.m2e.core.internal.Bundles - 	Entry: C:\Users\dac.STUDENTSDC\eclipse-jee-2022-06-R-win32-x86_64 (1)\eclipse\plugins\org.eclipse.m2e.maven.runtime_3.9.900.20240824-1409\jars\maven-model-builder-3.9.9.jar
2024-12-31 16:49:56,883 [Worker-28: Launching mavenrun-bc1860eb-53d1-4571-8150-9081142e2ef2] INFO  o.eclipse.m2e.core.internal.Bundles - 	Entry: C:\Users\dac.STUDENTSDC\eclipse-jee-2022-06-R-win32-x86_64 (1)\eclipse\plugins\org.eclipse.m2e.maven.runtime_3.9.900.20240824-1409\jars\maven-plugin-api-3.9.9.jar
2024-12-31 16:49:56,885 [Worker-28: Launching mavenrun-bc1860eb-53d1-4571-8150-9081142e2ef2] INFO  o.eclipse.m2e.core.internal.Bundles - 	Entry: C:\Users\dac.STUDENTSDC\eclipse-jee-2022-06-R-win32-x86_64 (1)\eclipse\plugins\org.eclipse.m2e.maven.runtime_3.9.900.20240824-1409\jars\maven-repository-metadata-3.9.9.jar
2024-12-31 16:49:56,886 [Worker-28: Launching mavenrun-bc1860eb-53d1-4571-8150-9081142e2ef2] INFO  o.eclipse.m2e.core.internal.Bundles - 	Entry: C:\Users\dac.STUDENTSDC\eclipse-jee-2022-06-R-win32-x86_64 (1)\eclipse\plugins\org.eclipse.m2e.maven.runtime_3.9.900.20240824-1409\jars\maven-resolver-api-1.9.22.jar
2024-12-31 16:49:56,888 [Worker-28: Launching mavenrun-bc1860eb-53d1-4571-8150-9081142e2ef2] INFO  o.eclipse.m2e.core.internal.Bundles - 	Entry: C:\Users\dac.STUDENTSDC\eclipse-jee-2022-06-R-win32-x86_64 (1)\eclipse\plugins\org.eclipse.m2e.maven.runtime_3.9.900.20240824-1409\jars\maven-resolver-connector-basic-1.9.22.jar
2024-12-31 16:49:56,889 [Worker-28: Launching mavenrun-bc1860eb-53d1-4571-8150-9081142e2ef2] INFO  o.eclipse.m2e.core.internal.Bundles - 	Entry: C:\Users\dac.STUDENTSDC\eclipse-jee-2022-06-R-win32-x86_64 (1)\eclipse\plugins\org.eclipse.m2e.maven.runtime_3.9.900.20240824-1409\jars\maven-resolver-impl-1.9.22.jar
2024-12-31 16:49:56,890 [Worker-28: Launching mavenrun-bc1860eb-53d1-4571-8150-9081142e2ef2] INFO  o.eclipse.m2e.core.internal.Bundles - 	Entry: C:\Users\dac.STUDENTSDC\eclipse-jee-2022-06-R-win32-x86_64 (1)\eclipse\plugins\org.eclipse.m2e.maven.runtime_3.9.900.20240824-1409\jars\maven-resolver-named-locks-1.9.22.jar
2024-12-31 16:49:56,891 [Worker-28: Launching mavenrun-bc1860eb-53d1-4571-8150-9081142e2ef2] INFO  o.eclipse.m2e.core.internal.Bundles - 	Entry: C:\Users\dac.STUDENTSDC\eclipse-jee-2022-06-R-win32-x86_64 (1)\eclipse\plugins\org.eclipse.m2e.maven.runtime_3.9.900.20240824-1409\jars\maven-resolver-provider-3.9.9.jar
2024-12-31 16:49:56,891 [Worker-28: Launching mavenrun-bc1860eb-53d1-4571-8150-9081142e2ef2] INFO  o.eclipse.m2e.core.internal.Bundles - 	Entry: C:\Users\dac.STUDENTSDC\eclipse-jee-2022-06-R-win32-x86_64 (1)\eclipse\plugins\org.eclipse.m2e.maven.runtime_3.9.900.20240824-1409\jars\maven-resolver-spi-1.9.22.jar
2024-12-31 16:49:56,892 [Worker-28: Launching mavenrun-bc1860eb-53d1-4571-8150-9081142e2ef2] INFO  o.eclipse.m2e.core.internal.Bundles - 	Entry: C:\Users\dac.STUDENTSDC\eclipse-jee-2022-06-R-win32-x86_64 (1)\eclipse\plugins\org.eclipse.m2e.maven.runtime_3.9.900.20240824-1409\jars\maven-resolver-transport-file-1.9.22.jar
2024-12-31 16:49:56,892 [Worker-28: Launching mavenrun-bc1860eb-53d1-4571-8150-9081142e2ef2] INFO  o.eclipse.m2e.core.internal.Bundles - 	Entry: C:\Users\dac.STUDENTSDC\eclipse-jee-2022-06-R-win32-x86_64 (1)\eclipse\plugins\org.eclipse.m2e.maven.runtime_3.9.900.20240824-1409\jars\maven-resolver-transport-http-1.9.22.jar
2024-12-31 16:49:56,893 [Worker-28: Launching mavenrun-bc1860eb-53d1-4571-8150-9081142e2ef2] INFO  o.eclipse.m2e.core.internal.Bundles - 	Entry: C:\Users\dac.STUDENTSDC\eclipse-jee-2022-06-R-win32-x86_64 (1)\eclipse\plugins\org.eclipse.m2e.maven.runtime_3.9.900.20240824-1409\jars\maven-resolver-transport-wagon-1.9.22.jar
2024-12-31 16:49:56,893 [Worker-28: Launching mavenrun-bc1860eb-53d1-4571-8150-9081142e2ef2] INFO  o.eclipse.m2e.core.internal.Bundles - 	Entry: C:\Users\dac.STUDENTSDC\eclipse-jee-2022-06-R-win32-x86_64 (1)\eclipse\plugins\org.eclipse.m2e.maven.runtime_3.9.900.20240824-1409\jars\maven-resolver-util-1.9.22.jar
2024-12-31 16:49:56,893 [Worker-28: Launching mavenrun-bc1860eb-53d1-4571-8150-9081142e2ef2] INFO  o.eclipse.m2e.core.internal.Bundles - 	Entry: C:\Users\dac.STUDENTSDC\eclipse-jee-2022-06-R-win32-x86_64 (1)\eclipse\plugins\org.eclipse.m2e.maven.runtime_3.9.900.20240824-1409\jars\maven-settings-3.9.9.jar
2024-12-31 16:49:56,893 [Worker-28: Launching mavenrun-bc1860eb-53d1-4571-8150-9081142e2ef2] INFO  o.eclipse.m2e.core.internal.Bundles - 	Entry: C:\Users\dac.STUDENTSDC\eclipse-jee-2022-06-R-win32-x86_64 (1)\eclipse\plugins\org.eclipse.m2e.maven.runtime_3.9.900.20240824-1409\jars\maven-settings-builder-3.9.9.jar
2024-12-31 16:49:56,893 [Worker-28: Launching mavenrun-bc1860eb-53d1-4571-8150-9081142e2ef2] INFO  o.eclipse.m2e.core.internal.Bundles - 	Entry: C:\Users\dac.STUDENTSDC\eclipse-jee-2022-06-R-win32-x86_64 (1)\eclipse\plugins\org.eclipse.m2e.maven.runtime_3.9.900.20240824-1409\jars\maven-shared-utils-3.4.2.jar
2024-12-31 16:49:56,894 [Worker-28: Launching mavenrun-bc1860eb-53d1-4571-8150-9081142e2ef2] INFO  o.eclipse.m2e.core.internal.Bundles - 	Entry: C:\Users\dac.STUDENTSDC\eclipse-jee-2022-06-R-win32-x86_64 (1)\eclipse\plugins\org.eclipse.m2e.maven.runtime_3.9.900.20240824-1409\jars\org.eclipse.sisu.inject-0.9.0.M3.jar
2024-12-31 16:49:56,894 [Worker-28: Launching mavenrun-bc1860eb-53d1-4571-8150-9081142e2ef2] INFO  o.eclipse.m2e.core.internal.Bundles - 	Entry: C:\Users\dac.STUDENTSDC\eclipse-jee-2022-06-R-win32-x86_64 (1)\eclipse\plugins\org.eclipse.m2e.maven.runtime_3.9.900.20240824-1409\jars\org.eclipse.sisu.plexus-0.9.0.M3.jar
2024-12-31 16:49:56,894 [Worker-28: Launching mavenrun-bc1860eb-53d1-4571-8150-9081142e2ef2] INFO  o.eclipse.m2e.core.internal.Bundles - 	Entry: C:\Users\dac.STUDENTSDC\eclipse-jee-2022-06-R-win32-x86_64 (1)\eclipse\plugins\org.eclipse.m2e.maven.runtime_3.9.900.20240824-1409\jars\plexus-build-api-0.0.7.jar
2024-12-31 16:49:56,894 [Worker-28: Launching mavenrun-bc1860eb-53d1-4571-8150-9081142e2ef2] INFO  o.eclipse.m2e.core.internal.Bundles - 	Entry: C:\Users\dac.STUDENTSDC\eclipse-jee-2022-06-R-win32-x86_64 (1)\eclipse\plugins\org.eclipse.m2e.maven.runtime_3.9.900.20240824-1409\jars\plexus-build-api-1.2.0.jar
2024-12-31 16:49:56,894 [Worker-28: Launching mavenrun-bc1860eb-53d1-4571-8150-9081142e2ef2] INFO  o.eclipse.m2e.core.internal.Bundles - 	Entry: C:\Users\dac.STUDENTSDC\eclipse-jee-2022-06-R-win32-x86_64 (1)\eclipse\plugins\org.eclipse.m2e.maven.runtime_3.9.900.20240824-1409\jars\plexus-cipher-2.0.jar
2024-12-31 16:49:56,895 [Worker-28: Launching mavenrun-bc1860eb-53d1-4571-8150-9081142e2ef2] INFO  o.eclipse.m2e.core.internal.Bundles - 	Entry: C:\Users\dac.STUDENTSDC\eclipse-jee-2022-06-R-win32-x86_64 (1)\eclipse\plugins\org.eclipse.m2e.maven.runtime_3.9.900.20240824-1409\jars\plexus-classworlds-2.8.0.jar
2024-12-31 16:49:56,895 [Worker-28: Launching mavenrun-bc1860eb-53d1-4571-8150-9081142e2ef2] INFO  o.eclipse.m2e.core.internal.Bundles - 	Entry: C:\Users\dac.STUDENTSDC\eclipse-jee-2022-06-R-win32-x86_64 (1)\eclipse\plugins\org.eclipse.m2e.maven.runtime_3.9.900.20240824-1409\jars\plexus-component-annotations-2.1.0.jar
2024-12-31 16:49:56,895 [Worker-28: Launching mavenrun-bc1860eb-53d1-4571-8150-9081142e2ef2] INFO  o.eclipse.m2e.core.internal.Bundles - 	Entry: C:\Users\dac.STUDENTSDC\eclipse-jee-2022-06-R-win32-x86_64 (1)\eclipse\plugins\org.eclipse.m2e.maven.runtime_3.9.900.20240824-1409\jars\plexus-interpolation-1.27.jar
2024-12-31 16:49:56,895 [Worker-28: Launching mavenrun-bc1860eb-53d1-4571-8150-9081142e2ef2] INFO  o.eclipse.m2e.core.internal.Bundles - 	Entry: C:\Users\dac.STUDENTSDC\eclipse-jee-2022-06-R-win32-x86_64 (1)\eclipse\plugins\org.eclipse.m2e.maven.runtime_3.9.900.20240824-1409\jars\plexus-sec-dispatcher-2.0.jar
2024-12-31 16:49:56,896 [Worker-28: Launching mavenrun-bc1860eb-53d1-4571-8150-9081142e2ef2] INFO  o.eclipse.m2e.core.internal.Bundles - 	Entry: C:\Users\dac.STUDENTSDC\eclipse-jee-2022-06-R-win32-x86_64 (1)\eclipse\plugins\org.eclipse.m2e.maven.runtime_3.9.900.20240824-1409\jars\plexus-utils-3.5.1.jar
2024-12-31 16:49:56,896 [Worker-28: Launching mavenrun-bc1860eb-53d1-4571-8150-9081142e2ef2] INFO  o.eclipse.m2e.core.internal.Bundles - 	Entry: C:\Users\dac.STUDENTSDC\eclipse-jee-2022-06-R-win32-x86_64 (1)\eclipse\plugins\org.eclipse.m2e.maven.runtime_3.9.900.20240824-1409\jars\plexus-xml-3.0.1.jar
2024-12-31 16:49:56,897 [Worker-28: Launching mavenrun-bc1860eb-53d1-4571-8150-9081142e2ef2] INFO  o.eclipse.m2e.core.internal.Bundles - 	Entry: C:\Users\dac.STUDENTSDC\eclipse-jee-2022-06-R-win32-x86_64 (1)\eclipse\plugins\org.eclipse.m2e.maven.runtime_3.9.900.20240824-1409\jars\wagon-file-3.5.3.jar
2024-12-31 16:49:56,897 [Worker-28: Launching mavenrun-bc1860eb-53d1-4571-8150-9081142e2ef2] INFO  o.eclipse.m2e.core.internal.Bundles - 	Entry: C:\Users\dac.STUDENTSDC\eclipse-jee-2022-06-R-win32-x86_64 (1)\eclipse\plugins\org.eclipse.m2e.maven.runtime_3.9.900.20240824-1409\jars\wagon-http-3.5.3.jar
2024-12-31 16:49:56,897 [Worker-28: Launching mavenrun-bc1860eb-53d1-4571-8150-9081142e2ef2] INFO  o.eclipse.m2e.core.internal.Bundles - 	Entry: C:\Users\dac.STUDENTSDC\eclipse-jee-2022-06-R-win32-x86_64 (1)\eclipse\plugins\org.eclipse.m2e.maven.runtime_3.9.900.20240824-1409\jars\wagon-http-shared-3.5.3.jar
2024-12-31 16:49:56,897 [Worker-28: Launching mavenrun-bc1860eb-53d1-4571-8150-9081142e2ef2] INFO  o.eclipse.m2e.core.internal.Bundles - 	Entry: C:\Users\dac.STUDENTSDC\eclipse-jee-2022-06-R-win32-x86_64 (1)\eclipse\plugins\org.eclipse.m2e.maven.runtime_3.9.900.20240824-1409\jars\wagon-provider-api-3.5.3.jar
2024-12-31 16:49:56,901 [Worker-28: Launching mavenrun-bc1860eb-53d1-4571-8150-9081142e2ef2] INFO  o.eclipse.m2e.core.internal.Bundles - getClasspathEntries(Bundle=com.google.guava_33.3.1.jre [990])
2024-12-31 16:49:56,902 [Worker-28: Launching mavenrun-bc1860eb-53d1-4571-8150-9081142e2ef2] INFO  o.eclipse.m2e.core.internal.Bundles - 	Entry: C:\Users\dac.STUDENTSDC\eclipse-jee-2022-06-R-win32-x86_64 (1)\eclipse\plugins\com.google.guava_33.3.1.jre.jar
2024-12-31 16:49:56,903 [Worker-28: Launching mavenrun-bc1860eb-53d1-4571-8150-9081142e2ef2] INFO  o.eclipse.m2e.core.internal.Bundles - getClasspathEntries(Bundle=slf4j.api_2.0.16 [1745])
2024-12-31 16:49:56,903 [Worker-28: Launching mavenrun-bc1860eb-53d1-4571-8150-9081142e2ef2] INFO  o.eclipse.m2e.core.internal.Bundles - 	Entry: C:\Users\dac.STUDENTSDC\eclipse-jee-2022-06-R-win32-x86_64 (1)\eclipse\plugins\slf4j.api_2.0.16.jar
2024-12-31 16:49:56,903 [Worker-28: Launching mavenrun-bc1860eb-53d1-4571-8150-9081142e2ef2] INFO  o.eclipse.m2e.core.internal.Bundles - getClasspathEntries(Bundle=javax.inject_1.0.0.v20220405-0441 [30])
2024-12-31 16:49:56,904 [Worker-28: Launching mavenrun-bc1860eb-53d1-4571-8150-9081142e2ef2] INFO  o.eclipse.m2e.core.internal.Bundles - 	Entry: C:\Users\dac.STUDENTSDC\eclipse-jee-2022-06-R-win32-x86_64 (1)\eclipse\plugins\javax.inject_1.0.0.v20220405-0441.jar
2024-12-31 16:49:56,904 [Worker-28: Launching mavenrun-bc1860eb-53d1-4571-8150-9081142e2ef2] INFO  o.eclipse.m2e.core.internal.Bundles - getClasspathEntries(Bundle=javax.annotation_1.3.5.v20230504-0748 [1003])
2024-12-31 16:49:56,905 [Worker-28: Launching mavenrun-bc1860eb-53d1-4571-8150-9081142e2ef2] INFO  o.eclipse.m2e.core.internal.Bundles - 	Entry: C:\Users\dac.STUDENTSDC\eclipse-jee-2022-06-R-win32-x86_64 (1)\eclipse\plugins\javax.annotation_1.3.5.v20230504-0748.jar
2024-12-31 16:49:56,905 [Worker-28: Launching mavenrun-bc1860eb-53d1-4571-8150-9081142e2ef2] INFO  o.eclipse.m2e.core.internal.Bundles - getClasspathEntries(Bundle=org.apache.commons.cli_1.9.0 [1026])
2024-12-31 16:49:56,906 [Worker-28: Launching mavenrun-bc1860eb-53d1-4571-8150-9081142e2ef2] INFO  o.eclipse.m2e.core.internal.Bundles - 	Entry: C:\Users\dac.STUDENTSDC\eclipse-jee-2022-06-R-win32-x86_64 (1)\eclipse\plugins\org.apache.commons.cli_1.9.0.jar
2024-12-31 16:49:56,906 [Worker-28: Launching mavenrun-bc1860eb-53d1-4571-8150-9081142e2ef2] INFO  o.eclipse.m2e.core.internal.Bundles - getClasspathEntries(Bundle=org.apache.commons.commons-codec_1.16.0 [906])
2024-12-31 16:49:56,906 [Worker-28: Launching mavenrun-bc1860eb-53d1-4571-8150-9081142e2ef2] INFO  o.eclipse.m2e.core.internal.Bundles - 	Entry: C:\Users\dac.STUDENTSDC\eclipse-jee-2022-06-R-win32-x86_64 (1)\eclipse\plugins\org.apache.commons.commons-codec_1.16.0.jar
2024-12-31 16:49:56,906 [Worker-28: Launching mavenrun-bc1860eb-53d1-4571-8150-9081142e2ef2] INFO  o.eclipse.m2e.core.internal.Bundles - getClasspathEntries(Bundle=com.google.guava.failureaccess_1.0.2 [991])
2024-12-31 16:49:56,907 [Worker-28: Launching mavenrun-bc1860eb-53d1-4571-8150-9081142e2ef2] INFO  o.eclipse.m2e.core.internal.Bundles - 	Entry: C:\Users\dac.STUDENTSDC\eclipse-jee-2022-06-R-win32-x86_64 (1)\eclipse\plugins\com.google.guava.failureaccess_1.0.2.jar
2024-12-31 16:49:56,912 [Worker-28: Launching mavenrun-bc1860eb-53d1-4571-8150-9081142e2ef2] INFO  o.e.m.i.launch.MavenLaunchDelegate - Run build in "C:\Users\DAC~1.STU\AppData\Local\Temp\m2e-archetypeGenerator5924617231156825716":
2024-12-31 16:49:56,920 [Worker-28: Launching mavenrun-bc1860eb-53d1-4571-8150-9081142e2ef2] INFO  o.e.m.i.launch.MavenLaunchDelegate -  mvn  -DarchetypeGroupId=org.apache.maven.archetypes -DarchetypeArtifactId=maven-archetype-quickstart -DarchetypeVersion=1.1 -DgroupId=fi -DartifactId=springjdbc -Dversion=0.0.1-SNAPSHOT -Dpackage=fi.springjdbc -DoutputDirectory=C:\Users\dac.STUDENTSDC\Desktop\Tejas\J2EE\Day8 -B -Dstyle.color=always -U archetype:generate
2024-12-31 16:50:07,325 [Worker-16: Creating maven-archetype-quickstart] INFO  o.e.m.c.i.p.ProjectConfigurationManager - Collecting project info '/pom.xml' C:\Users\dac.STUDENTSDC\Desktop\Tejas\J2EE\Day8\springjdbc\pom.xml
2024-12-31 16:50:08,021 [Worker-16: Creating maven-archetype-quickstart] INFO  o.e.m.c.i.l.LifecycleMappingFactory - Using org.eclipse.m2e.jdt.JarLifecycleMapping lifecycle mapping for MavenProject: fi:springjdbc:0.0.1-SNAPSHOT @ C:\Users\dac.STUDENTSDC\Desktop\Tejas\J2EE\Day8\springjdbc\pom.xml.
2024-12-31 16:50:08,824 [Worker-16: Creating maven-archetype-quickstart] INFO  o.e.m.j.i.AbstractJavaProjectConfigurator - Adding source folder /springjdbc/src/main/java
2024-12-31 16:50:08,827 [Worker-16: Creating maven-archetype-quickstart] INFO  o.e.m.j.i.AbstractJavaProjectConfigurator - Adding resource folder /springjdbc/src/main/resources
2024-12-31 16:50:08,831 [Worker-16: Creating maven-archetype-quickstart] INFO  o.e.m.j.i.AbstractJavaProjectConfigurator - Adding source folder /springjdbc/src/test/java
2024-12-31 16:50:08,833 [Worker-16: Creating maven-archetype-quickstart] INFO  o.e.m.j.i.AbstractJavaProjectConfigurator - Adding resource folder /springjdbc/src/test/resources
2024-12-31 16:50:08,931 [Worker-16: Creating maven-archetype-quickstart] INFO  o.e.m.c.i.p.ProjectConfigurationManager - Imported and configured 1 project(s) in 1 sec
2024-12-31 16:50:09,464 [Worker-22: Building] INFO  o.a.m.s.f.DefaultMavenResourcesFiltering - skip non existing resourceDirectory C:\Users\dac.STUDENTSDC\Desktop\Tejas\J2EE\Day8\springjdbc\src\main\resources
2024-12-31 16:50:09,467 [Worker-22: Building] INFO  o.a.m.s.f.DefaultMavenResourcesFiltering - skip non existing resourceDirectory C:\Users\dac.STUDENTSDC\Desktop\Tejas\J2EE\Day8\springjdbc\src\test\resources
2024-12-31 16:50:41,389 [Worker-7: Building] INFO  o.e.m.c.i.l.LifecycleMappingFactory - Using org.eclipse.m2e.jdt.JarLifecycleMapping lifecycle mapping for MavenProject: fi:springjdbc:0.0.1-SNAPSHOT @ C:\Users\dac.STUDENTSDC\Desktop\Tejas\J2EE\Day8\springjdbc\pom.xml.
2024-12-31 16:50:41,652 [Worker-7: Building] INFO  o.a.m.s.f.DefaultMavenResourcesFiltering - skip non existing resourceDirectory C:\Users\dac.STUDENTSDC\Desktop\Tejas\J2EE\Day8\springjdbc\src\main\resources
2024-12-31 16:50:41,656 [Worker-7: Building] INFO  o.a.m.s.f.DefaultMavenResourcesFiltering - skip non existing resourceDirectory C:\Users\dac.STUDENTSDC\Desktop\Tejas\J2EE\Day8\springjdbc\src\test\resources
2024-12-31 16:50:43,041 [Worker-16: Building] INFO  o.a.m.s.f.DefaultMavenResourcesFiltering - skip non existing resourceDirectory C:\Users\dac.STUDENTSDC\Desktop\Tejas\J2EE\Day8\springjdbc\src\main\resources
2024-12-31 16:50:43,044 [Worker-16: Building] INFO  o.a.m.s.f.DefaultMavenResourcesFiltering - skip non existing resourceDirectory C:\Users\dac.STUDENTSDC\Desktop\Tejas\J2EE\Day8\springjdbc\src\test\resources
2024-12-31 16:52:00,388 [Worker-23: Building] INFO  o.e.m.c.i.l.LifecycleMappingFactory - Using org.eclipse.m2e.jdt.JarLifecycleMapping lifecycle mapping for MavenProject: fi:springjdbc:0.0.1-SNAPSHOT @ C:\Users\dac.STUDENTSDC\Desktop\Tejas\J2EE\Day8\springjdbc(part2)\pom.xml.
2024-12-31 16:52:00,960 [Worker-23: Building] INFO  o.a.m.s.f.DefaultMavenResourcesFiltering - skip non existing resourceDirectory C:\Users\dac.STUDENTSDC\Desktop\Tejas\J2EE\Day8\springjdbc(part2)\src\main\resources
2024-12-31 16:52:00,964 [Worker-23: Building] INFO  o.a.m.s.f.DefaultMavenResourcesFiltering - skip non existing resourceDirectory C:\Users\dac.STUDENTSDC\Desktop\Tejas\J2EE\Day8\springjdbc(part2)\src\test\resources
2024-12-31 16:52:02,062 [Worker-28: Building] INFO  o.a.m.s.f.DefaultMavenResourcesFiltering - skip non existing resourceDirectory C:\Users\dac.STUDENTSDC\Desktop\Tejas\J2EE\Day8\springjdbc(part2)\src\main\resources
2024-12-31 16:52:02,064 [Worker-28: Building] INFO  o.a.m.s.f.DefaultMavenResourcesFiltering - skip non existing resourceDirectory C:\Users\dac.STUDENTSDC\Desktop\Tejas\J2EE\Day8\springjdbc(part2)\src\test\resources
2024-12-31 16:52:27,754 [Worker-28: Importing Maven projects] INFO  o.e.m.c.i.l.LifecycleMappingFactory - Using org.eclipse.m2e.jdt.JarLifecycleMapping lifecycle mapping for MavenProject: fi:springjdbc:0.0.1-SNAPSHOT @ C:\Users\dac.STUDENTSDC\Desktop\Tejas\J2EE\SirData\PuneActs\PuneActs\springjdbc\pom.xml.
2024-12-31 16:52:27,930 [Worker-28: Importing Maven projects] INFO  o.e.m.j.i.AbstractJavaProjectConfigurator - Adding source folder /springjdbc/src/main/java
2024-12-31 16:52:27,932 [Worker-28: Importing Maven projects] INFO  o.e.m.j.i.AbstractJavaProjectConfigurator - Adding resource folder /springjdbc/src/main/resources
2024-12-31 16:52:27,932 [Worker-28: Importing Maven projects] INFO  o.e.m.j.i.AbstractJavaProjectConfigurator - Adding source folder /springjdbc/src/test/java
2024-12-31 16:52:27,933 [Worker-28: Importing Maven projects] INFO  o.e.m.j.i.AbstractJavaProjectConfigurator - Adding resource folder /springjdbc/src/test/resources
2024-12-31 16:52:27,985 [Worker-28: Importing Maven projects] INFO  o.e.m.c.i.p.ProjectConfigurationManager - Imported and configured 1 project(s) in 0 sec
2024-12-31 16:52:28,566 [Worker-15: Building] INFO  o.a.m.s.f.DefaultMavenResourcesFiltering - skip non existing resourceDirectory C:\Users\dac.STUDENTSDC\Desktop\Tejas\J2EE\SirData\PuneActs\PuneActs\springjdbc\src\main\resources
2024-12-31 16:52:28,568 [Worker-15: Building] INFO  o.a.m.s.f.DefaultMavenResourcesFiltering - skip non existing resourceDirectory C:\Users\dac.STUDENTSDC\Desktop\Tejas\J2EE\SirData\PuneActs\PuneActs\springjdbc\src\test\resources
2024-12-31 16:53:54,208 [Worker-23: Building] INFO  o.a.m.s.f.DefaultMavenResourcesFiltering - skip non existing resourceDirectory C:\Users\dac.STUDENTSDC\Desktop\Tejas\J2EE\Day8\springjdbc(part2)\src\main\resources
2024-12-31 16:53:54,218 [Worker-23: Building] INFO  o.a.m.s.f.DefaultMavenResourcesFiltering - skip non existing resourceDirectory C:\Users\dac.STUDENTSDC\Desktop\Tejas\J2EE\Day8\springjdbc(part2)\src\test\resources
2024-12-31 16:56:03,097 [Worker-3: Building] INFO  o.a.m.s.f.DefaultMavenResourcesFiltering - skip non existing resourceDirectory C:\Users\dac.STUDENTSDC\Desktop\Tejas\J2EE\Day8\springjdbc(part2)\src\main\resources
2024-12-31 16:56:03,098 [Worker-3: Building] INFO  o.a.m.s.f.DefaultMavenResourcesFiltering - skip non existing resourceDirectory C:\Users\dac.STUDENTSDC\Desktop\Tejas\J2EE\Day8\springjdbc(part2)\src\test\resources
2024-12-31 16:56:19,690 [Worker-20: Building] INFO  o.a.m.s.f.DefaultMavenResourcesFiltering - skip non existing resourceDirectory C:\Users\dac.STUDENTSDC\Desktop\Tejas\J2EE\Day8\springjdbc(part2)\src\main\resources
2024-12-31 16:56:19,691 [Worker-20: Building] INFO  o.a.m.s.f.DefaultMavenResourcesFiltering - skip non existing resourceDirectory C:\Users\dac.STUDENTSDC\Desktop\Tejas\J2EE\Day8\springjdbc(part2)\src\test\resources
2024-12-31 16:57:07,069 [Worker-3: Building] INFO  o.a.m.s.f.DefaultMavenResourcesFiltering - skip non existing resourceDirectory C:\Users\dac.STUDENTSDC\Desktop\Tejas\J2EE\Day8\springjdbc(part2)\src\main\resources
2024-12-31 16:57:07,079 [Worker-3: Building] INFO  o.a.m.s.f.DefaultMavenResourcesFiltering - skip non existing resourceDirectory C:\Users\dac.STUDENTSDC\Desktop\Tejas\J2EE\Day8\springjdbc(part2)\src\test\resources
2024-12-31 16:58:04,167 [Worker-28: Building] INFO  o.a.m.s.f.DefaultMavenResourcesFiltering - skip non existing resourceDirectory C:\Users\dac.STUDENTSDC\Desktop\Tejas\J2EE\Day8\springjdbc(part2)\src\main\resources
2024-12-31 16:58:04,169 [Worker-28: Building] INFO  o.a.m.s.f.DefaultMavenResourcesFiltering - skip non existing resourceDirectory C:\Users\dac.STUDENTSDC\Desktop\Tejas\J2EE\Day8\springjdbc(part2)\src\test\resources
2024-12-31 16:58:47,085 [Worker-20: Building] INFO  o.a.m.s.f.DefaultMavenResourcesFiltering - skip non existing resourceDirectory C:\Users\dac.STUDENTSDC\Desktop\Tejas\J2EE\Day8\springjdbc(part2)\src\main\resources
2024-12-31 16:58:47,087 [Worker-20: Building] INFO  o.a.m.s.f.DefaultMavenResourcesFiltering - skip non existing resourceDirectory C:\Users\dac.STUDENTSDC\Desktop\Tejas\J2EE\Day8\springjdbc(part2)\src\test\resources
2024-12-31 16:59:36,316 [Worker-35: Building] INFO  o.a.m.s.f.DefaultMavenResourcesFiltering - skip non existing resourceDirectory C:\Users\dac.STUDENTSDC\Desktop\Tejas\J2EE\Day8\springjdbc(part2)\src\main\resources
2024-12-31 16:59:36,319 [Worker-35: Building] INFO  o.a.m.s.f.DefaultMavenResourcesFiltering - skip non existing resourceDirectory C:\Users\dac.STUDENTSDC\Desktop\Tejas\J2EE\Day8\springjdbc(part2)\src\test\resources
2024-12-31 17:02:56,348 [Worker-20: Building] INFO  o.a.m.s.f.DefaultMavenResourcesFiltering - skip non existing resourceDirectory C:\Users\dac.STUDENTSDC\Desktop\Tejas\J2EE\Day8\springjdbc(part2)\src\main\resources
2024-12-31 17:02:56,351 [Worker-20: Building] INFO  o.a.m.s.f.DefaultMavenResourcesFiltering - skip non existing resourceDirectory C:\Users\dac.STUDENTSDC\Desktop\Tejas\J2EE\Day8\springjdbc(part2)\src\test\resources
2024-12-31 17:03:12,728 [Worker-24: Building] INFO  o.a.m.s.f.DefaultMavenResourcesFiltering - skip non existing resourceDirectory C:\Users\dac.STUDENTSDC\Desktop\Tejas\J2EE\Day8\springjdbc(part2)\src\main\resources
2024-12-31 17:03:12,729 [Worker-24: Building] INFO  o.a.m.s.f.DefaultMavenResourcesFiltering - skip non existing resourceDirectory C:\Users\dac.STUDENTSDC\Desktop\Tejas\J2EE\Day8\springjdbc(part2)\src\test\resources
2024-12-31 17:03:18,847 [Worker-20: Building] INFO  o.a.m.s.f.DefaultMavenResourcesFiltering - skip non existing resourceDirectory C:\Users\dac.STUDENTSDC\Desktop\Tejas\J2EE\Day8\springjdbc(part2)\src\main\resources
2024-12-31 17:03:18,848 [Worker-20: Building] INFO  o.a.m.s.f.DefaultMavenResourcesFiltering - skip non existing resourceDirectory C:\Users\dac.STUDENTSDC\Desktop\Tejas\J2EE\Day8\springjdbc(part2)\src\test\resources
2024-12-31 17:08:30,505 [Worker-28: Building] INFO  o.a.m.s.f.DefaultMavenResourcesFiltering - skip non existing resourceDirectory C:\Users\dac.STUDENTSDC\Desktop\Tejas\J2EE\Day8\springjdbc(part2)\src\main\resources
2024-12-31 17:08:30,510 [Worker-28: Building] INFO  o.a.m.s.f.DefaultMavenResourcesFiltering - skip non existing resourceDirectory C:\Users\dac.STUDENTSDC\Desktop\Tejas\J2EE\Day8\springjdbc(part2)\src\test\resources
2024-12-31 17:08:41,229 [Worker-37: Building] INFO  o.a.m.s.f.DefaultMavenResourcesFiltering - skip non existing resourceDirectory C:\Users\dac.STUDENTSDC\Desktop\Tejas\J2EE\Day8\springjdbc(part2)\src\main\resources
2024-12-31 17:08:41,234 [Worker-37: Building] INFO  o.a.m.s.f.DefaultMavenResourcesFiltering - skip non existing resourceDirectory C:\Users\dac.STUDENTSDC\Desktop\Tejas\J2EE\Day8\springjdbc(part2)\src\test\resources
2024-12-31 17:09:20,024 [Worker-28: Building] INFO  o.a.m.s.f.DefaultMavenResourcesFiltering - skip non existing resourceDirectory C:\Users\dac.STUDENTSDC\Desktop\Tejas\J2EE\Day8\springjdbc(part2)\src\main\resources
2024-12-31 17:09:20,026 [Worker-28: Building] INFO  o.a.m.s.f.DefaultMavenResourcesFiltering - skip non existing resourceDirectory C:\Users\dac.STUDENTSDC\Desktop\Tejas\J2EE\Day8\springjdbc(part2)\src\test\resources
2024-12-31 17:14:22,612 [Worker-54: Building] INFO  o.a.m.s.f.DefaultMavenResourcesFiltering - skip non existing resourceDirectory C:\Users\dac.STUDENTSDC\Desktop\Tejas\J2EE\Day8\springjdbc(part2)\src\main\resources
2024-12-31 17:14:22,616 [Worker-54: Building] INFO  o.a.m.s.f.DefaultMavenResourcesFiltering - skip non existing resourceDirectory C:\Users\dac.STUDENTSDC\Desktop\Tejas\J2EE\Day8\springjdbc(part2)\src\test\resources
2024-12-31 17:14:57,055 [Worker-4: Loading available Gradle versions] INFO  o.e.b.c.i.u.g.PublishedGradleVersions - Gradle version information cache is up-to-date. Trying to read.
2024-12-31 17:24:07,583 [Worker-32: Building] INFO  o.a.m.s.f.DefaultMavenResourcesFiltering - skip non existing resourceDirectory C:\Users\dac.STUDENTSDC\Desktop\Tejas\J2EE\Day8\springjdbc(part2)\src\main\resources
2024-12-31 17:24:07,589 [Worker-32: Building] INFO  o.a.m.s.f.DefaultMavenResourcesFiltering - skip non existing resourceDirectory C:\Users\dac.STUDENTSDC\Desktop\Tejas\J2EE\Day8\springjdbc(part2)\src\test\resources
2024-12-31 17:26:01,624 [Worker-5: Building] INFO  o.a.m.s.f.DefaultMavenResourcesFiltering - skip non existing resourceDirectory C:\Users\dac.STUDENTSDC\Desktop\Tejas\J2EE\Day8\springjdbc(part2)\src\main\resources
2024-12-31 17:26:01,629 [Worker-5: Building] INFO  o.a.m.s.f.DefaultMavenResourcesFiltering - skip non existing resourceDirectory C:\Users\dac.STUDENTSDC\Desktop\Tejas\J2EE\Day8\springjdbc(part2)\src\test\resources
2024-12-31 17:27:12,624 [Worker-32: Building] INFO  o.a.m.s.f.DefaultMavenResourcesFiltering - skip non existing resourceDirectory C:\Users\dac.STUDENTSDC\Desktop\Tejas\J2EE\Day8\springjdbc(part2)\src\main\resources
2024-12-31 17:27:12,627 [Worker-32: Building] INFO  o.a.m.s.f.DefaultMavenResourcesFiltering - skip non existing resourceDirectory C:\Users\dac.STUDENTSDC\Desktop\Tejas\J2EE\Day8\springjdbc(part2)\src\test\resources
2024-12-31 17:28:16,318 [Worker-33: Building] INFO  o.a.m.s.f.DefaultMavenResourcesFiltering - skip non existing resourceDirectory C:\Users\dac.STUDENTSDC\Desktop\Tejas\J2EE\Day8\springjdbc(part2)\src\main\resources
2024-12-31 17:28:16,321 [Worker-33: Building] INFO  o.a.m.s.f.DefaultMavenResourcesFiltering - skip non existing resourceDirectory C:\Users\dac.STUDENTSDC\Desktop\Tejas\J2EE\Day8\springjdbc(part2)\src\test\resources
